Archive member included to satisfy reference by file (symbol)

d:/sdks/12.2 mpacbti-rel1/bin/../lib/gcc/arm-none-eabi/12.2.1/thumb/v6-m/nofp\libgcc.a(_dvmd_tls.o)
                              CMakeFiles/test.dir/D_/SDKs/pico/pico-sdk/src/rp2_common/pico_divider/divider.S.obj (__aeabi_idiv0)
d:/sdks/12.2 mpacbti-rel1/bin/../lib/gcc/arm-none-eabi/12.2.1/thumb/v6-m/nofp\libg.a(libc_a-calloc.o)
                              CMakeFiles/test.dir/D_/SDKs/pico/pico-sdk/src/rp2_common/pico_malloc/pico_malloc.c.obj (calloc)
d:/sdks/12.2 mpacbti-rel1/bin/../lib/gcc/arm-none-eabi/12.2.1/thumb/v6-m/nofp\libg.a(libc_a-callocr.o)
                              d:/sdks/12.2 mpacbti-rel1/bin/../lib/gcc/arm-none-eabi/12.2.1/thumb/v6-m/nofp\libg.a(libc_a-calloc.o) (_calloc_r)
d:/sdks/12.2 mpacbti-rel1/bin/../lib/gcc/arm-none-eabi/12.2.1/thumb/v6-m/nofp\libg.a(libc_a-malloc.o)
                              CMakeFiles/test.dir/D_/SDKs/pico/pico-sdk/src/rp2_common/pico_malloc/pico_malloc.c.obj (malloc)
d:/sdks/12.2 mpacbti-rel1/bin/../lib/gcc/arm-none-eabi/12.2.1/thumb/v6-m/nofp\libg.a(libc_a-mallocr.o)
                              d:/sdks/12.2 mpacbti-rel1/bin/../lib/gcc/arm-none-eabi/12.2.1/thumb/v6-m/nofp\libg.a(libc_a-callocr.o) (_malloc_r)
d:/sdks/12.2 mpacbti-rel1/bin/../lib/gcc/arm-none-eabi/12.2.1/thumb/v6-m/nofp\libg.a(libc_a-mlock.o)
                              d:/sdks/12.2 mpacbti-rel1/bin/../lib/gcc/arm-none-eabi/12.2.1/thumb/v6-m/nofp\libg.a(libc_a-mallocr.o) (__malloc_lock)
d:/sdks/12.2 mpacbti-rel1/bin/../lib/gcc/arm-none-eabi/12.2.1/thumb/v6-m/nofp\libg.a(libc_a-realloc.o)
                              CMakeFiles/test.dir/D_/SDKs/pico/pico-sdk/src/rp2_common/pico_malloc/pico_malloc.c.obj (realloc)
d:/sdks/12.2 mpacbti-rel1/bin/../lib/gcc/arm-none-eabi/12.2.1/thumb/v6-m/nofp\libg.a(libc_a-reallocr.o)
                              d:/sdks/12.2 mpacbti-rel1/bin/../lib/gcc/arm-none-eabi/12.2.1/thumb/v6-m/nofp\libg.a(libc_a-realloc.o) (_realloc_r)
d:/sdks/12.2 mpacbti-rel1/bin/../lib/gcc/arm-none-eabi/12.2.1/thumb/v6-m/nofp\libg.a(libc_a-memmove.o)
                              d:/sdks/12.2 mpacbti-rel1/bin/../lib/gcc/arm-none-eabi/12.2.1/thumb/v6-m/nofp\libg.a(libc_a-reallocr.o) (memmove)
d:/sdks/12.2 mpacbti-rel1/bin/../lib/gcc/arm-none-eabi/12.2.1/thumb/v6-m/nofp\libg.a(libc_a-impure.o)
                              d:/sdks/12.2 mpacbti-rel1/bin/../lib/gcc/arm-none-eabi/12.2.1/thumb/v6-m/nofp\libg.a(libc_a-calloc.o) (_impure_ptr)
d:/sdks/12.2 mpacbti-rel1/bin/../lib/gcc/arm-none-eabi/12.2.1/thumb/v6-m/nofp\libg.a(libc_a-sbrkr.o)
                              d:/sdks/12.2 mpacbti-rel1/bin/../lib/gcc/arm-none-eabi/12.2.1/thumb/v6-m/nofp\libg.a(libc_a-mallocr.o) (_sbrk_r)
d:/sdks/12.2 mpacbti-rel1/bin/../lib/gcc/arm-none-eabi/12.2.1/thumb/v6-m/nofp\libg.a(libc_a-errno.o)
                              d:/sdks/12.2 mpacbti-rel1/bin/../lib/gcc/arm-none-eabi/12.2.1/thumb/v6-m/nofp\libg.a(libc_a-callocr.o) (__errno)
d:/sdks/12.2 mpacbti-rel1/bin/../lib/gcc/arm-none-eabi/12.2.1/thumb/v6-m/nofp\libg.a(libc_a-init.o)
                              d:/sdks/12.2 mpacbti-rel1/bin/../lib/gcc/arm-none-eabi/12.2.1/thumb/v6-m/nofp/crt0.o (__libc_init_array)
d:/sdks/12.2 mpacbti-rel1/bin/../lib/gcc/arm-none-eabi/12.2.1/thumb/v6-m/nofp\libg.a(libc_a-lock.o)
                              d:/sdks/12.2 mpacbti-rel1/bin/../lib/gcc/arm-none-eabi/12.2.1/thumb/v6-m/nofp\libg.a(libc_a-mlock.o) (__retarget_lock_acquire_recursive)
d:/sdks/12.2 mpacbti-rel1/bin/../lib/gcc/arm-none-eabi/12.2.1/thumb/v6-m/nofp\libg.a(libc_a-sysconf.o)
                              d:/sdks/12.2 mpacbti-rel1/bin/../lib/gcc/arm-none-eabi/12.2.1/thumb/v6-m/nofp\libg.a(libc_a-mallocr.o) (sysconf)
d:/sdks/12.2 mpacbti-rel1/bin/../lib/gcc/arm-none-eabi/12.2.1/thumb/v6-m/nofp\libg.a(libc_a-strlen-stub.o)
                              CMakeFiles/test.dir/D_/SDKs/pico/pico-sdk/src/rp2_common/pico_stdio/stdio.c.obj (strlen)
d:/sdks/12.2 mpacbti-rel1/bin/../lib/gcc/arm-none-eabi/12.2.1/thumb/v6-m/nofp\libg.a(libc_a-freer.o)
                              d:/sdks/12.2 mpacbti-rel1/bin/../lib/gcc/arm-none-eabi/12.2.1/thumb/v6-m/nofp\libg.a(libc_a-malloc.o) (_free_r)
d:/sdks/12.2 mpacbti-rel1/bin/../lib/gcc/arm-none-eabi/12.2.1/thumb/v6-m/nofp\libg.a(libc_a-findfp.o)
                              d:/sdks/12.2 mpacbti-rel1/bin/../lib/gcc/arm-none-eabi/12.2.1/thumb/v6-m/nofp\libg.a(libc_a-impure.o) (__sf)
d:/sdks/12.2 mpacbti-rel1/bin/../lib/gcc/arm-none-eabi/12.2.1/thumb/v6-m/nofp\libg.a(libc_a-fwalk.o)
                              d:/sdks/12.2 mpacbti-rel1/bin/../lib/gcc/arm-none-eabi/12.2.1/thumb/v6-m/nofp\libg.a(libc_a-findfp.o) (_fwalk_sglue)
d:/sdks/12.2 mpacbti-rel1/bin/../lib/gcc/arm-none-eabi/12.2.1/thumb/v6-m/nofp\libg.a(libc_a-stdio.o)
                              d:/sdks/12.2 mpacbti-rel1/bin/../lib/gcc/arm-none-eabi/12.2.1/thumb/v6-m/nofp\libg.a(libc_a-findfp.o) (__sread)
[...]
Memory Configuration

Name             Origin             Length             Attributes
FLASH            0x10000000         0x00200000         xr
RAM              0x20000000         0x00040000         xrw
SCRATCH_X        0x20040000         0x00001000         xrw
SCRATCH_Y        0x20041000         0x00001000         xrw
*default*        0x00000000         0xffffffff

Linker script and memory map

LOAD d:/sdks/12.2 mpacbti-rel1/bin/../lib/gcc/arm-none-eabi/12.2.1/thumb/v6-m/nofp/crti.o
LOAD d:/sdks/12.2 mpacbti-rel1/bin/../lib/gcc/arm-none-eabi/12.2.1/thumb/v6-m/nofp/crtbegin.o
LOAD d:/sdks/12.2 mpacbti-rel1/bin/../lib/gcc/arm-none-eabi/12.2.1/thumb/v6-m/nofp/crt0.o

.flash_begin    0x10000000        0x0
                0x10000000                        __flash_binary_start = .

.boot2          0x10000000      0x100
                0x10000000                        __boot2_start__ = .
 *(.boot2)
 .boot2         0x10000000      0x100 C:\Users\cooke\AppData\Local\Temp\ccEmPHkL.o
                0x10000100                        __boot2_end__ = .
                0x00000001                        ASSERT (((__boot2_end__ - __boot2_start__) == 0x100), ERROR: Pico second stage bootloader must be 256 bytes in size)

.text           0x10000100     0x6e70
                0x10000100                        __logical_binary_start = .
 *(.vectors)
 .vectors       0x10000100       0xd4 CMakeFiles/test.dir/D_/SDKs/pico/pico-sdk/src/rp2_common/pico_standard_link/crt0.S.obj
                0x10000100                __VECTOR_TABLE
                0x10000100                __vectors
                0x100001c0                isr_invalid
                0x100001c0                __default_isrs_start
                0x100001c2                isr_nmi
                0x100001c4                isr_hardfault
                0x100001c6                isr_svcall
                0x100001c8                isr_pendsv
                0x100001ca                isr_systick
                0x100001cc                isr_irq23
                0x100001cc                isr_irq18
                0x100001cc                isr_irq11
                0x100001cc                isr_irq28
                0x100001cc                isr_irq19
                0x100001cc                isr_irq0
                0x100001cc                isr_irq6
                0x100001cc                isr_irq5
                0x100001cc                isr_irq12
                0x100001cc                isr_irq22
                0x100001cc                isr_irq31
                0x100001cc                isr_irq17
                0x100001cc                isr_irq27
                0x100001cc                isr_irq30
                0x100001cc                isr_irq2
                0x100001cc                isr_irq10
                0x100001cc                isr_irq8
                0x100001cc                isr_irq24
                0x100001cc                isr_irq1
                0x100001cc                isr_irq7
                0x100001cc                isr_irq21
                0x100001cc                isr_irq20
                0x100001cc                isr_irq15
                0x100001cc                isr_irq25
                0x100001cc                isr_irq13
                0x100001cc                __unhandled_user_irq
                0x100001cc                isr_irq4
                0x100001cc                isr_irq16
                0x100001cc                isr_irq29
                0x100001cc                isr_irq26
                0x100001cc                __default_isrs_end
                0x100001cc                isr_irq3
                0x100001cc                isr_irq14
                0x100001cc                isr_irq9
                0x100001d2                unhandled_user_irq_num_in_r0
 *(.binary_info_header)
 .binary_info_header
                0x100001d4       0x14 CMakeFiles/test.dir/D_/SDKs/pico/pico-sdk/src/rp2_common/pico_standard_link/crt0.S.obj
                0x100001e8                        __binary_info_header_end = .
 *(.reset)
 .reset         0x100001e8       0xa0 CMakeFiles/test.dir/D_/SDKs/pico/pico-sdk/src/rp2_common/pico_standard_link/crt0.S.obj
                0x100001e8                _entry_point
 .reset         0x10000288       0x30 CMakeFiles/test.dir/D_/SDKs/pico/pico-sdk/src/rp2_common/pico_standard_link/binary_info.c.obj
 *(.init)
 .init          0x100002b8        0x4 d:/sdks/12.2 mpacbti-rel1/bin/../lib/gcc/arm-none-eabi/12.2.1/thumb/v6-m/nofp/crti.o
                0x100002b8                _init
 *(EXCLUDE_FILE(*libm.a: *libc.a:*lib_a-mem*.o *libgcc.a:) .text*)
 .text.register_tm_clones
                0x100002bc       0x28 d:/sdks/12.2 mpacbti-rel1/bin/../lib/gcc/arm-none-eabi/12.2.1/thumb/v6-m/nofp/crtbegin.o
 .text.frame_dummy
                0x100002e4       0x24 d:/sdks/12.2 mpacbti-rel1/bin/../lib/gcc/arm-none-eabi/12.2.1/thumb/v6-m/nofp/crtbegin.o
 .text.main     0x10000308       0x3c CMakeFiles/test.dir/test.c.obj
                0x10000308                main
 .text.gpio_set_function
                0x10000344       0x30 CMakeFiles/test.dir/D_/SDKs/pico/pico-sdk/src/rp2_common/hardware_gpio/gpio.c.obj
                0x10000344                gpio_set_function
 .text.gpio_init
                0x10000374       0x16 CMakeFiles/test.dir/D_/SDKs/pico/pico-sdk/src/rp2_common/hardware_gpio/gpio.c.obj
                0x10000374                gpio_init
 *fill*         0x1000038a        0x2 
 .text.running_on_fpga
                0x1000038c       0x14 CMakeFiles/test.dir/D_/SDKs/pico/pico-sdk/src/rp2_common/pico_platform/platform.c.obj
                0x1000038c                running_on_fpga
 .text.hw_claim_lock
                0x100003a0       0x18 CMakeFiles/test.dir/D_/SDKs/pico/pico-sdk/src/rp2_common/hardware_claim/claim.c.obj
                0x100003a0                hw_claim_lock
 .text.hw_claim_unlock
                0x100003b8       0x14 CMakeFiles/test.dir/D_/SDKs/pico/pico-sdk/src/rp2_common/hardware_claim/claim.c.obj
                0x100003b8                hw_claim_unlock
 .text.hw_claim_or_assert
                0x100003cc       0x32 CMakeFiles/test.dir/D_/SDKs/pico/pico-sdk/src/rp2_common/hardware_claim/claim.c.obj
                0x100003cc                hw_claim_or_assert
 .text.hw_claim_unused_from_range
                0x100003fe       0x50 CMakeFiles/test.dir/D_/SDKs/pico/pico-sdk/src/rp2_common/hardware_claim/claim.c.obj
                0x100003fe                hw_claim_unused_from_range
 *fill*         0x1000044e        0x2 
 .text.spin_locks_reset
                0x10000450       0x20 CMakeFiles/test.dir/D_/SDKs/pico/pico-sdk/src/rp2_common/hardware_sync/sync.c.obj
                0x10000450                spin_locks_reset
 .text.next_striped_spin_lock_num
                0x10000470       0x1c CMakeFiles/test.dir/D_/SDKs/pico/pico-sdk/src/rp2_common/hardware_sync/sync.c.obj
                0x10000470                next_striped_spin_lock_num
 .text.spin_lock_claim_unused
                0x1000048c       0x24 CMakeFiles/test.dir/D_/SDKs/pico/pico-sdk/src/rp2_common/hardware_sync/sync.c.obj
                0x1000048c                spin_lock_claim_unused
 .text.set_raw_irq_handler_and_unlock
                0x100004b0       0x28 CMakeFiles/test.dir/D_/SDKs/pico/pico-sdk/src/rp2_common/hardware_irq/irq.c.obj
 .text.resolve_branch
                0x100004d8       0x30 CMakeFiles/test.dir/D_/SDKs/pico/pico-sdk/src/rp2_common/hardware_irq/irq.c.obj
 .text.make_branch
                0x10000508       0x48 CMakeFiles/test.dir/D_/SDKs/pico/pico-sdk/src/rp2_common/hardware_irq/irq.c.obj
 .text.insert_branch_and_link
                0x10000550       0x40 CMakeFiles/test.dir/D_/SDKs/pico/pico-sdk/src/rp2_common/hardware_irq/irq.c.obj
 .text.irq_is_enabled
                0x10000590       0x18 CMakeFiles/test.dir/D_/SDKs/pico/pico-sdk/src/rp2_common/hardware_irq/irq.c.obj
                0x10000590                irq_is_enabled
 .text.irq_set_mask_enabled
                0x100005a8       0x20 CMakeFiles/test.dir/D_/SDKs/pico/pico-sdk/src/rp2_common/hardware_irq/irq.c.obj
                0x100005a8                irq_set_mask_enabled
 .text.irq_set_enabled
                0x100005c8        0xe CMakeFiles/test.dir/D_/SDKs/pico/pico-sdk/src/rp2_common/hardware_irq/irq.c.obj
                0x100005c8                irq_set_enabled
 *fill*         0x100005d6        0x2 
 .text.irq_set_pending
                0x100005d8       0x10 CMakeFiles/test.dir/D_/SDKs/pico/pico-sdk/src/rp2_common/hardware_irq/irq.c.obj
                0x100005d8                irq_set_pending
 .text.irq_get_vtable_handler
                0x100005e8       0x10 CMakeFiles/test.dir/D_/SDKs/pico/pico-sdk/src/rp2_common/hardware_irq/irq.c.obj
                0x100005e8                irq_get_vtable_handler
 .text.irq_has_shared_handler
                0x100005f8       0x24 CMakeFiles/test.dir/D_/SDKs/pico/pico-sdk/src/rp2_common/hardware_irq/irq.c.obj
                0x100005f8                irq_has_shared_handler
 .text.irq_set_exclusive_handler
                0x1000061c       0x54 CMakeFiles/test.dir/D_/SDKs/pico/pico-sdk/src/rp2_common/hardware_irq/irq.c.obj
                0x1000061c                irq_set_exclusive_handler
 .text.irq_add_shared_handler
                0x10000670      0x210 CMakeFiles/test.dir/D_/SDKs/pico/pico-sdk/src/rp2_common/hardware_irq/irq.c.obj
                0x10000670                irq_add_shared_handler
 .text.irq_remove_handler
                0x10000880      0x188 CMakeFiles/test.dir/D_/SDKs/pico/pico-sdk/src/rp2_common/hardware_irq/irq.c.obj
                0x10000880                irq_remove_handler
 .text.irq_add_tail_to_free_list
                0x10000a08       0xf0 CMakeFiles/test.dir/D_/SDKs/pico/pico-sdk/src/rp2_common/hardware_irq/irq.c.obj
                0x10000a08                irq_add_tail_to_free_list
 .text.irq_init_priorities
                0x10000af8       0x1c CMakeFiles/test.dir/D_/SDKs/pico/pico-sdk/src/rp2_common/hardware_irq/irq.c.obj
                0x10000af8                irq_init_priorities
 .text.user_irq_claim_unused
                0x10000b14       0x2c CMakeFiles/test.dir/D_/SDKs/pico/pico-sdk/src/rp2_common/hardware_irq/irq.c.obj
                0x10000b14                user_irq_claim_unused
 .text.lock_init
                0x10000b40       0x10 CMakeFiles/test.dir/D_/SDKs/pico/pico-sdk/src/common/pico_sync/lock_core.c.obj
                0x10000b40                lock_init
 .text.update_us_since_boot
                0x10000b50       0x24 CMakeFiles/test.dir/D_/SDKs/pico/pico-sdk/src/common/pico_sync/mutex.c.obj
 .text.delayed_by_ms
                0x10000b74       0x44 CMakeFiles/test.dir/D_/SDKs/pico/pico-sdk/src/common/pico_sync/mutex.c.obj
 .text.get_absolute_time
                0x10000bb8       0x22 CMakeFiles/test.dir/D_/SDKs/pico/pico-sdk/src/common/pico_sync/mutex.c.obj
 .text.make_timeout_time_ms
                0x10000bda       0x20 CMakeFiles/test.dir/D_/SDKs/pico/pico-sdk/src/common/pico_sync/mutex.c.obj
 .text.mutex_init
                0x10000bfa       0x1a CMakeFiles/test.dir/D_/SDKs/pico/pico-sdk/src/common/pico_sync/mutex.c.obj
                0x10000bfa                mutex_init
 .text.recursive_mutex_init
                0x10000c14       0x1e CMakeFiles/test.dir/D_/SDKs/pico/pico-sdk/src/common/pico_sync/mutex.c.obj
                0x10000c14                recursive_mutex_init
 *fill*         0x10000c32        0x2 
 .text.critical_section_init_with_lock_num
                0x10000c34       0x14 CMakeFiles/test.dir/D_/SDKs/pico/pico-sdk/src/common/pico_sync/critical_section.c.obj
                0x10000c34                critical_section_init_with_lock_num
 .text.critical_section_init
                0x10000c48       0x14 CMakeFiles/test.dir/D_/SDKs/pico/pico-sdk/src/common/pico_sync/critical_section.c.obj
                0x10000c48                critical_section_init
 .text.time_reached
                0x10000c5c       0x28 CMakeFiles/test.dir/D_/SDKs/pico/pico-sdk/src/common/pico_time/time.c.obj
 .text.get_entry
                0x10000c84       0x38 CMakeFiles/test.dir/D_/SDKs/pico/pico-sdk/src/common/pico_time/time.c.obj
 .text.timer_pool_entry_comparator
                0x10000cbc       0x2e CMakeFiles/test.dir/D_/SDKs/pico/pico-sdk/src/common/pico_time/time.c.obj
                0x10000cbc                timer_pool_entry_comparator
 *fill*         0x10000cea        0x2 
 .text.update_us_since_boot
                0x10000cec       0x24 CMakeFiles/test.dir/D_/SDKs/pico/pico-sdk/src/common/pico_time/time.c.obj
 .text.delayed_by_us
                0x10000d10       0x34 CMakeFiles/test.dir/D_/SDKs/pico/pico-sdk/src/common/pico_time/time.c.obj
 .text.ph_get_node
                0x10000d44       0x30 CMakeFiles/test.dir/D_/SDKs/pico/pico-sdk/src/common/pico_time/time.c.obj
 .text.ph_contains_node
                0x10000d74       0x1e CMakeFiles/test.dir/D_/SDKs/pico/pico-sdk/src/common/pico_time/time.c.obj
 .text.ph_new_node
                0x10000d92       0x28 CMakeFiles/test.dir/D_/SDKs/pico/pico-sdk/src/common/pico_time/time.c.obj
 *fill*         0x10000dba        0x2 
 .text.ph_add_child_node
                0x10000dbc       0x6c CMakeFiles/test.dir/D_/SDKs/pico/pico-sdk/src/common/pico_time/time.c.obj
 .text.ph_merge_nodes
                0x10000e28       0x3e CMakeFiles/test.dir/D_/SDKs/pico/pico-sdk/src/common/pico_time/time.c.obj
 *fill*         0x10000e66        0x2 
 .text.ph_insert_node
                0x10000e68       0x3c CMakeFiles/test.dir/D_/SDKs/pico/pico-sdk/src/common/pico_time/time.c.obj
 .text.ph_free_node
                0x10000ea4       0x5c CMakeFiles/test.dir/D_/SDKs/pico/pico-sdk/src/common/pico_time/time.c.obj
 .text.get_entry_id_high
                0x10000f00       0x30 CMakeFiles/test.dir/D_/SDKs/pico/pico-sdk/src/common/pico_time/time.c.obj
 .text.alarm_pool_post_alloc_init
                0x10000f30       0x40 CMakeFiles/test.dir/D_/SDKs/pico/pico-sdk/src/common/pico_time/time.c.obj
 .text.sleep_until_callback
                0x10000f70       0x30 CMakeFiles/test.dir/D_/SDKs/pico/pico-sdk/src/common/pico_time/time.c.obj
 .text.get_absolute_time
                0x10000fa0       0x22 CMakeFiles/test.dir/D_/SDKs/pico/pico-sdk/src/common/pico_time/time.c.obj
 .text.make_timeout_time_us
                0x10000fc2       0x24 CMakeFiles/test.dir/D_/SDKs/pico/pico-sdk/src/common/pico_time/time.c.obj
 *fill*         0x10000fe6        0x2 
 .text.add_alarm_under_lock
                0x10000fe8       0x94 CMakeFiles/test.dir/D_/SDKs/pico/pico-sdk/src/common/pico_time/time.c.obj
 .text.alarm_pool_alarm_callback
                0x1000107c      0x20c CMakeFiles/test.dir/D_/SDKs/pico/pico-sdk/src/common/pico_time/time.c.obj
 .text.alarm_pool_init_default
                0x10001288       0x40 CMakeFiles/test.dir/D_/SDKs/pico/pico-sdk/src/common/pico_time/time.c.obj
                0x10001288                alarm_pool_init_default
 .text.alarm_pool_get_default
                0x100012c8       0x2c CMakeFiles/test.dir/D_/SDKs/pico/pico-sdk/src/common/pico_time/time.c.obj
                0x100012c8                alarm_pool_get_default
 .text.alarm_pool_add_alarm_at
                0x100012f4      0x10e CMakeFiles/test.dir/D_/SDKs/pico/pico-sdk/src/common/pico_time/time.c.obj
                0x100012f4                alarm_pool_add_alarm_at
 .text.add_alarm_at
                0x10001402       0x2e CMakeFiles/test.dir/D_/SDKs/pico/pico-sdk/src/common/pico_time/time.c.obj
 .text.alarm_pool_cancel_alarm
                0x10001430       0xa0 CMakeFiles/test.dir/D_/SDKs/pico/pico-sdk/src/common/pico_time/time.c.obj
                0x10001430                alarm_pool_cancel_alarm
 .text.cancel_alarm
                0x100014d0       0x10 CMakeFiles/test.dir/D_/SDKs/pico/pico-sdk/src/common/pico_time/time.c.obj
 .text.alarm_pool_core_num
                0x100014e0        0x4 CMakeFiles/test.dir/D_/SDKs/pico/pico-sdk/src/common/pico_time/time.c.obj
                0x100014e0                alarm_pool_core_num
 .text.sleep_until
                0x100014e4       0xb0 CMakeFiles/test.dir/D_/SDKs/pico/pico-sdk/src/common/pico_time/time.c.obj
                0x100014e4                sleep_until
 .text.sleep_us
                0x10001594       0x1a CMakeFiles/test.dir/D_/SDKs/pico/pico-sdk/src/common/pico_time/time.c.obj
                0x10001594                sleep_us
 .text.sleep_ms
                0x100015ae       0x14 CMakeFiles/test.dir/D_/SDKs/pico/pico-sdk/src/common/pico_time/time.c.obj
                0x100015ae                sleep_ms
 *fill*         0x100015c2        0x2 
 .text.best_effort_wfe_or_timeout
                0x100015c4       0x44 CMakeFiles/test.dir/D_/SDKs/pico/pico-sdk/src/common/pico_time/time.c.obj
                0x100015c4                best_effort_wfe_or_timeout
 .text.hardware_alarm_irq_handler
                0x10001608       0x8c CMakeFiles/test.dir/D_/SDKs/pico/pico-sdk/src/rp2_common/hardware_timer/timer.c.obj
 .text.hardware_alarm_claim
                0x10001694       0x18 CMakeFiles/test.dir/D_/SDKs/pico/pico-sdk/src/rp2_common/hardware_timer/timer.c.obj
                0x10001694                hardware_alarm_claim
 .text.time_us_64
                0x100016ac       0x18 CMakeFiles/test.dir/D_/SDKs/pico/pico-sdk/src/rp2_common/hardware_timer/timer.c.obj
                0x100016ac                time_us_64
 .text.busy_wait_until
                0x100016c4       0x28 CMakeFiles/test.dir/D_/SDKs/pico/pico-sdk/src/rp2_common/hardware_timer/timer.c.obj
                0x100016c4                busy_wait_until
 .text.hardware_alarm_set_callback
                0x100016ec       0x90 CMakeFiles/test.dir/D_/SDKs/pico/pico-sdk/src/rp2_common/hardware_timer/timer.c.obj
                0x100016ec                hardware_alarm_set_callback
 .text.hardware_alarm_set_target
                0x1000177c       0xe8 CMakeFiles/test.dir/D_/SDKs/pico/pico-sdk/src/rp2_common/hardware_timer/timer.c.obj
                0x1000177c                hardware_alarm_set_target
 .text.hardware_alarm_cancel
                0x10001864       0x40 CMakeFiles/test.dir/D_/SDKs/pico/pico-sdk/src/rp2_common/hardware_timer/timer.c.obj
                0x10001864                hardware_alarm_cancel
 .text.ph_get_node
                0x100018a4       0x30 CMakeFiles/test.dir/D_/SDKs/pico/pico-sdk/src/common/pico_util/pheap.c.obj
 .text.ph_add_child_node
                0x100018d4       0x6c CMakeFiles/test.dir/D_/SDKs/pico/pico-sdk/src/common/pico_util/pheap.c.obj
 .text.ph_merge_nodes
                0x10001940       0x3e CMakeFiles/test.dir/D_/SDKs/pico/pico-sdk/src/common/pico_util/pheap.c.obj
 .text.ph_clear
                0x1000197e       0x34 CMakeFiles/test.dir/D_/SDKs/pico/pico-sdk/src/common/pico_util/pheap.c.obj
                0x1000197e                ph_clear
 .text.ph_post_alloc_init
                0x100019b2        0xe CMakeFiles/test.dir/D_/SDKs/pico/pico-sdk/src/common/pico_util/pheap.c.obj
                0x100019b2                ph_post_alloc_init
 .text.ph_merge_two_pass
                0x100019c0       0x5c CMakeFiles/test.dir/D_/SDKs/pico/pico-sdk/src/common/pico_util/pheap.c.obj
                0x100019c0                ph_merge_two_pass
 .text.ph_remove_any_head
                0x10001a1c       0xc0 CMakeFiles/test.dir/D_/SDKs/pico/pico-sdk/src/common/pico_util/pheap.c.obj
 .text.ph_remove_head
                0x10001adc       0x14 CMakeFiles/test.dir/D_/SDKs/pico/pico-sdk/src/common/pico_util/pheap.c.obj
                0x10001adc                ph_remove_head
 .text.ph_remove_and_free_node
                0x10001af0       0xa0 CMakeFiles/test.dir/D_/SDKs/pico/pico-sdk/src/common/pico_util/pheap.c.obj
                0x10001af0                ph_remove_and_free_node
 .text.uart_set_baudrate
                0x10001b90       0x5c CMakeFiles/test.dir/D_/SDKs/pico/pico-sdk/src/rp2_common/hardware_uart/uart.c.obj
                0x10001b90                uart_set_baudrate
 .text.uart_set_translate_crlf
                0x10001bec       0x28 CMakeFiles/test.dir/D_/SDKs/pico/pico-sdk/src/rp2_common/hardware_uart/uart.c.obj
                0x10001bec                uart_set_translate_crlf
 .text.uart_init
                0x10001c14       0x80 CMakeFiles/test.dir/D_/SDKs/pico/pico-sdk/src/rp2_common/hardware_uart/uart.c.obj
                0x10001c14                uart_init
 .text.clock_configure
                0x10001c94      0x104 CMakeFiles/test.dir/D_/SDKs/pico/pico-sdk/src/rp2_common/hardware_clocks/clocks.c.obj
                0x10001c94                clock_configure
 .text.clocks_init
                0x10001d98      0x100 CMakeFiles/test.dir/D_/SDKs/pico/pico-sdk/src/rp2_common/hardware_clocks/clocks.c.obj
                0x10001d98                clocks_init
 .text.clock_get_hz
                0x10001e98        0xc CMakeFiles/test.dir/D_/SDKs/pico/pico-sdk/src/rp2_common/hardware_clocks/clocks.c.obj
                0x10001e98                clock_get_hz
 .text.pll_init
                0x10001ea4      0x12c CMakeFiles/test.dir/D_/SDKs/pico/pico-sdk/src/rp2_common/hardware_pll/pll.c.obj
                0x10001ea4                pll_init
 .text.watchdog_start_tick
                0x10001fd0       0x10 CMakeFiles/test.dir/D_/SDKs/pico/pico-sdk/src/rp2_common/hardware_watchdog/watchdog.c.obj
                0x10001fd0                watchdog_start_tick
 .text.watchdog_update
                0x10001fe0       0x14 CMakeFiles/test.dir/D_/SDKs/pico/pico-sdk/src/rp2_common/hardware_watchdog/watchdog.c.obj
                0x10001fe0                watchdog_update
 .text._watchdog_enable
                0x10001ff4       0x78 CMakeFiles/test.dir/D_/SDKs/pico/pico-sdk/src/rp2_common/hardware_watchdog/watchdog.c.obj
                0x10001ff4                _watchdog_enable
 .text.watchdog_reboot
                0x1000206c       0x48 CMakeFiles/test.dir/D_/SDKs/pico/pico-sdk/src/rp2_common/hardware_watchdog/watchdog.c.obj
                0x1000206c                watchdog_reboot
 .text.xosc_init
                0x100020b4       0x28 CMakeFiles/test.dir/D_/SDKs/pico/pico-sdk/src/rp2_common/hardware_xosc/xosc.c.obj
                0x100020b4                xosc_init
 .text._exit    0x100020dc        0x4 CMakeFiles/test.dir/D_/SDKs/pico/pico-sdk/src/rp2_common/pico_runtime/runtime.c.obj
                0x100020dc                _exit
 .text.exit     0x100020e0        0x6 CMakeFiles/test.dir/D_/SDKs/pico/pico-sdk/src/rp2_common/pico_runtime/runtime.c.obj
                0x100020e0                exit
 *fill*         0x100020e6        0x2 
 .text.__assert_func
                0x100020e8       0x38 CMakeFiles/test.dir/D_/SDKs/pico/pico-sdk/src/rp2_common/pico_runtime/runtime.c.obj
                0x100020e8                __assert_func
 .text.runtime_init
                0x10002120       0xf8 CMakeFiles/test.dir/D_/SDKs/pico/pico-sdk/src/rp2_common/pico_runtime/runtime.c.obj
                0x10002120                runtime_init
 .text.panic    0x10002218       0x30 CMakeFiles/test.dir/D_/SDKs/pico/pico-sdk/src/rp2_common/pico_runtime/runtime.c.obj
                0x10002218                panic
 .text._out_null
                0x10002248        0x2 CMakeFiles/test.dir/D_/SDKs/pico/pico-sdk/src/rp2_common/pico_printf/printf.c.obj
 .text._out_fct
                0x1000224a        0xe CMakeFiles/test.dir/D_/SDKs/pico/pico-sdk/src/rp2_common/pico_printf/printf.c.obj
 .text._atoi    0x10002258       0x24 CMakeFiles/test.dir/D_/SDKs/pico/pico-sdk/src/rp2_common/pico_printf/printf.c.obj
 .text._out_rev
                0x1000227c       0xae CMakeFiles/test.dir/D_/SDKs/pico/pico-sdk/src/rp2_common/pico_printf/printf.c.obj
 .text._ntoa_format
                0x1000232a      0x110 CMakeFiles/test.dir/D_/SDKs/pico/pico-sdk/src/rp2_common/pico_printf/printf.c.obj
 .text._ntoa_long
                0x1000243a       0xbc CMakeFiles/test.dir/D_/SDKs/pico/pico-sdk/src/rp2_common/pico_printf/printf.c.obj
 .text._ntoa_long_long
                0x100024f6      0x10e CMakeFiles/test.dir/D_/SDKs/pico/pico-sdk/src/rp2_common/pico_printf/printf.c.obj
 .text._etoa    0x10002604      0x420 CMakeFiles/test.dir/D_/SDKs/pico/pico-sdk/src/rp2_common/pico_printf/printf.c.obj
 .text._ftoa    0x10002a24      0x354 CMakeFiles/test.dir/D_/SDKs/pico/pico-sdk/src/rp2_common/pico_printf/printf.c.obj
 .text._vsnprintf
                0x10002d78      0x65c CMakeFiles/test.dir/D_/SDKs/pico/pico-sdk/src/rp2_common/pico_printf/printf.c.obj
 .text.vfctprintf
                0x100033d4       0x20 CMakeFiles/test.dir/D_/SDKs/pico/pico-sdk/src/rp2_common/pico_printf/printf.c.obj
                0x100033d4                vfctprintf
 .text          0x100033f4       0x10 CMakeFiles/test.dir/D_/SDKs/pico/pico-sdk/src/rp2_common/pico_bit_ops/bit_ops_aeabi.S.obj
 .text.rom_func_lookup
                0x10003404       0x10 CMakeFiles/test.dir/D_/SDKs/pico/pico-sdk/src/rp2_common/pico_bootrom/bootrom.c.obj
                0x10003404                rom_func_lookup
 .text.rom_data_lookup
                0x10003414       0x10 CMakeFiles/test.dir/D_/SDKs/pico/pico-sdk/src/rp2_common/pico_bootrom/bootrom.c.obj
                0x10003414                rom_data_lookup
 .text.rom_funcs_lookup
                0x10003424       0x36 CMakeFiles/test.dir/D_/SDKs/pico/pico-sdk/src/rp2_common/pico_bootrom/bootrom.c.obj
                0x10003424                rom_funcs_lookup
 *fill*         0x1000345a        0x2 
 .text.__wrap___aeabi_idiv
                0x1000345c       0x50 CMakeFiles/test.dir/D_/SDKs/pico/pico-sdk/src/rp2_common/pico_divider/divider.S.obj
                0x1000345c                __wrap___aeabi_idivmod
                0x1000345c                divmod_s32s32
                0x1000345c                div_s32s32
                0x1000345c                __wrap___aeabi_idiv
                0x10003464                divmod_s32s32_unsafe
                0x10003490                divmod_s32s32_savestate
 .text.__wrap___aeabi_uidiv
                0x100034ac       0x4c CMakeFiles/test.dir/D_/SDKs/pico/pico-sdk/src/rp2_common/pico_divider/divider.S.obj
                0x100034ac                __wrap___aeabi_uidiv
                0x100034ac                __wrap___aeabi_uidivmod
                0x100034ac                div_u32u32
                0x100034ac                divmod_u32u32
                0x100034b4                divmod_u32u32_unsafe
                0x100034dc                divmod_u32u32_savestate
 .text.__wrap___aeabi_ldiv
                0x100034f8      0x424 CMakeFiles/test.dir/D_/SDKs/pico/pico-sdk/src/rp2_common/pico_divider/divider.S.obj
                0x100034f8                div_s64s64
                0x100034f8                divmod_s64s64
                0x100034f8                __wrap___aeabi_ldivmod
                0x10003528                divmod_u64u64
                0x10003528                div_u64u64
                0x10003528                __wrap___aeabi_uldivmod
                0x10003538                divmod_u64u64_savestate
                0x10003558                divmod_s64s64_unsafe
                0x100035e0                divmod_u64u64_unsafe
 .text.__wrap___aeabi_darithmetic
                0x1000391c       0x80 CMakeFiles/test.dir/D_/SDKs/pico/pico-sdk/src/rp2_common/pico_double/double_aeabi.S.obj
                0x1000391c                __wrap___aeabi_drsub
                0x10003922                __wrap___aeabi_dsub
                0x10003934                __wrap___aeabi_dadd
                0x10003946                __wrap___aeabi_ddiv
                0x10003982                __wrap___aeabi_dmul
 .text.__wrap___aeabi_cdcmple
                0x1000399c       0x6c CMakeFiles/test.dir/D_/SDKs/pico/pico-sdk/src/rp2_common/pico_double/double_aeabi.S.obj
                0x1000399c                __wrap___aeabi_cdrcmple
                0x100039ac                __wrap___aeabi_cdcmpeq
                0x100039ac                __wrap___aeabi_cdcmple
 .text.__wrap___aeabi_dcmplt
                0x10003a08        0xc CMakeFiles/test.dir/D_/SDKs/pico/pico-sdk/src/rp2_common/pico_double/double_aeabi.S.obj
                0x10003a08                __wrap___aeabi_dcmplt
 .text.__wrap___aeabi_dcmple
                0x10003a14       0x10 CMakeFiles/test.dir/D_/SDKs/pico/pico-sdk/src/rp2_common/pico_double/double_aeabi.S.obj
                0x10003a14                __wrap___aeabi_dcmple
 .text.__wrap___aeabi_dcmpge
                0x10003a24       0x10 CMakeFiles/test.dir/D_/SDKs/pico/pico-sdk/src/rp2_common/pico_double/double_aeabi.S.obj
                0x10003a24                __wrap___aeabi_dcmpge
 .text.__wrap___aeabi_dcmpgt
                0x10003a34        0xa CMakeFiles/test.dir/D_/SDKs/pico/pico-sdk/src/rp2_common/pico_double/double_aeabi.S.obj
                0x10003a34                __wrap___aeabi_dcmpgt
 .text.__wrap___aeabi_dcmpun
                0x10003a3e       0x1c CMakeFiles/test.dir/D_/SDKs/pico/pico-sdk/src/rp2_common/pico_double/double_aeabi.S.obj
                0x10003a3e                __wrap___aeabi_dcmpun
 *fill*         0x10003a5a        0x2 
 .text.__wrap___aeabi_i2d
                0x10003a5c       0x38 CMakeFiles/test.dir/D_/SDKs/pico/pico-sdk/src/rp2_common/pico_double/double_aeabi.S.obj
                0x10003a5c                __wrap___aeabi_ui2d
                0x10003a64                __wrap___aeabi_i2d
 .text.__wrap___aeabi_d2iz
                0x10003a94       0x48 CMakeFiles/test.dir/D_/SDKs/pico/pico-sdk/src/rp2_common/pico_double/double_aeabi.S.obj
                0x10003a94                double2int_z
                0x10003a94                __wrap___aeabi_d2iz
 .text.__wrap___aeabi_d2uiz
                0x10003adc       0x18 CMakeFiles/test.dir/D_/SDKs/pico/pico-sdk/src/rp2_common/pico_double/double_aeabi.S.obj
                0x10003adc                __wrap___aeabi_d2uiz
                0x10003adc                double2uint
 .text.__aeabi_double_init
                0x10003af4       0xcc CMakeFiles/test.dir/D_/SDKs/pico/pico-sdk/src/rp2_common/pico_double/double_init_rom.c.obj
                0x10003af4                __aeabi_double_init
 .text.double_table_shim_on_use_helper
                0x10003bc0       0x34 CMakeFiles/test.dir/D_/SDKs/pico/pico-sdk/src/rp2_common/pico_double/double_v1_rom_shim.S.obj
                0x10003bc0                double_table_shim_on_use_helper
 .text.__wrap___aeabi_dsub
                0x10003bf4       0x10 CMakeFiles/test.dir/D_/SDKs/pico/pico-sdk/src/rp2_common/pico_double/double_v1_rom_shim.S.obj
                0x10003bf4                drsub_shim
                0x10003bfa                dsub_shim
 .text.dadd_shim
                0x10003c04      0x15c CMakeFiles/test.dir/D_/SDKs/pico/pico-sdk/src/rp2_common/pico_double/double_v1_rom_shim.S.obj
                0x10003c04                dadd_shim
 .text.dmul_shim
                0x10003d60      0x15c CMakeFiles/test.dir/D_/SDKs/pico/pico-sdk/src/rp2_common/pico_double/double_v1_rom_shim.S.obj
                0x10003d60                dmul_shim
 .text.ddiv_shim
                0x10003ebc      0x1b0 CMakeFiles/test.dir/D_/SDKs/pico/pico-sdk/src/rp2_common/pico_double/double_v1_rom_shim.S.obj
                0x10003ebc                ddiv_shim
 .text.double2uint_shim
                0x1000406c        0xe CMakeFiles/test.dir/D_/SDKs/pico/pico-sdk/src/rp2_common/pico_double/double_v1_rom_shim.S.obj
                0x1000406c                double2uint_shim
                0x1000406e                double2ufix_shim
 *fill*         0x1000407a        0x2 
 .text.double2uint64_shim
                0x1000407c       0x70 CMakeFiles/test.dir/D_/SDKs/pico/pico-sdk/src/rp2_common/pico_double/double_v1_rom_shim.S.obj
                0x1000407c                double2uint64_shim
                0x1000407e                double2ufix64_shim
                0x1000409e                d2fix_a
 .text.dunpacks
                0x100040ec       0x3c CMakeFiles/test.dir/D_/SDKs/pico/pico-sdk/src/rp2_common/pico_double/double_v1_rom_shim.S.obj
                0x100040ec                dunpacks
 .text.__aeabi_lmul
                0x10004128       0x32 CMakeFiles/test.dir/D_/SDKs/pico/pico-sdk/src/rp2_common/pico_int64_ops/pico_int64_ops_aeabi.S.obj
                0x10004128                __wrap___aeabi_lmul
 *fill*         0x1000415a        0x2 
 .text.__aeabi_float_init
                0x1000415c       0xfc CMakeFiles/test.dir/D_/SDKs/pico/pico-sdk/src/rp2_common/pico_float/float_init_rom.c.obj
                0x1000415c                __aeabi_float_init
 .text.float_table_shim_on_use_helper
                0x10004258       0x34 CMakeFiles/test.dir/D_/SDKs/pico/pico-sdk/src/rp2_common/pico_float/float_v1_rom_shim.S.obj
                0x10004258                float_table_shim_on_use_helper
 .text          0x1000428c       0x10 CMakeFiles/test.dir/D_/SDKs/pico/pico-sdk/src/rp2_common/pico_mem_ops/mem_ops_aeabi.S.obj
                0x1000428c                __aeabi_mem_init
 .text.memset   0x1000429c        0xc CMakeFiles/test.dir/D_/SDKs/pico/pico-sdk/src/rp2_common/pico_mem_ops/mem_ops_aeabi.S.obj
                0x1000429c                __wrap_memset
 .text.memcpy   0x100042a8        0xc CMakeFiles/test.dir/D_/SDKs/pico/pico-sdk/src/rp2_common/pico_mem_ops/mem_ops_aeabi.S.obj
                0x100042a8                __wrap_memcpy
                0x100042a8                __wrap___aeabi_memcpy
 .text.stdio_out_chars_no_crlf
                0x100042b4        0xe CMakeFiles/test.dir/D_/SDKs/pico/pico-sdk/src/rp2_common/pico_stdio/stdio.c.obj
 *fill*         0x100042c2        0x2 
 .text.stdio_out_chars_crlf
                0x100042c4       0x80 CMakeFiles/test.dir/D_/SDKs/pico/pico-sdk/src/rp2_common/pico_stdio/stdio.c.obj
 .text.stdio_stack_buffer_flush
                0x10004344       0x44 CMakeFiles/test.dir/D_/SDKs/pico/pico-sdk/src/rp2_common/pico_stdio/stdio.c.obj
 .text.stdio_buffered_printer
                0x10004388       0x20 CMakeFiles/test.dir/D_/SDKs/pico/pico-sdk/src/rp2_common/pico_stdio/stdio.c.obj
 .text.update_us_since_boot
                0x100043a8       0x24 CMakeFiles/test.dir/D_/SDKs/pico/pico-sdk/src/rp2_common/pico_stdio/stdio.c.obj
 .text.get_absolute_time
                0x100043cc       0x22 CMakeFiles/test.dir/D_/SDKs/pico/pico-sdk/src/rp2_common/pico_stdio/stdio.c.obj
 *fill*         0x100043ee        0x2 
 .text.delayed_by_ms
                0x100043f0       0x44 CMakeFiles/test.dir/D_/SDKs/pico/pico-sdk/src/rp2_common/pico_stdio/stdio.c.obj
 .text.make_timeout_time_ms
                0x10004434       0x20 CMakeFiles/test.dir/D_/SDKs/pico/pico-sdk/src/rp2_common/pico_stdio/stdio.c.obj
 .text.stdout_serialize_begin
                0x10004454       0x20 CMakeFiles/test.dir/D_/SDKs/pico/pico-sdk/src/rp2_common/pico_stdio/stdio.c.obj
                0x10004454                stdout_serialize_begin
 .text.stdout_serialize_end
                0x10004474       0x10 CMakeFiles/test.dir/D_/SDKs/pico/pico-sdk/src/rp2_common/pico_stdio/stdio.c.obj
                0x10004474                stdout_serialize_end
 .text.stdio_put_string
                0x10004484       0x98 CMakeFiles/test.dir/D_/SDKs/pico/pico-sdk/src/rp2_common/pico_stdio/stdio.c.obj
 .text.stdio_set_driver_enabled
                0x1000451c       0x2c CMakeFiles/test.dir/D_/SDKs/pico/pico-sdk/src/rp2_common/pico_stdio/stdio.c.obj
                0x1000451c                stdio_set_driver_enabled
 .text.stdio_flush
                0x10004548       0x20 CMakeFiles/test.dir/D_/SDKs/pico/pico-sdk/src/rp2_common/pico_stdio/stdio.c.obj
                0x10004548                stdio_flush
 .text.__wrap_puts
                0x10004568       0x1e CMakeFiles/test.dir/D_/SDKs/pico/pico-sdk/src/rp2_common/pico_stdio/stdio.c.obj
                0x10004568                __wrap_puts
 *fill*         0x10004586        0x2 
 .text.__wrap_vprintf
                0x10004588       0x40 CMakeFiles/test.dir/D_/SDKs/pico/pico-sdk/src/rp2_common/pico_stdio/stdio.c.obj
                0x10004588                __wrap_vprintf
 .text.__wrap_printf
                0x100045c8       0x18 CMakeFiles/test.dir/D_/SDKs/pico/pico-sdk/src/rp2_common/pico_stdio/stdio.c.obj
                0x100045c8                __wrap_printf
 .text.stdio_init_all
                0x100045e0        0xe CMakeFiles/test.dir/D_/SDKs/pico/pico-sdk/src/rp2_common/pico_stdio/stdio.c.obj
                0x100045e0                stdio_init_all
 *fill*         0x100045ee        0x2 
 .text.uart_putc
                0x100045f0       0x60 CMakeFiles/test.dir/D_/SDKs/pico/pico-sdk/src/rp2_common/pico_stdio_uart/stdio_uart.c.obj
 .text.uart_getc
                0x10004650       0x24 CMakeFiles/test.dir/D_/SDKs/pico/pico-sdk/src/rp2_common/pico_stdio_uart/stdio_uart.c.obj
 .text.stdio_uart_out_chars
                0x10004674       0x20 CMakeFiles/test.dir/D_/SDKs/pico/pico-sdk/src/rp2_common/pico_stdio_uart/stdio_uart.c.obj
 .text.stdio_uart_in_chars
                0x10004694       0x5c CMakeFiles/test.dir/D_/SDKs/pico/pico-sdk/src/rp2_common/pico_stdio_uart/stdio_uart.c.obj
                0x10004694                stdio_uart_in_chars
 .text.on_uart_rx
                0x100046f0       0x28 CMakeFiles/test.dir/D_/SDKs/pico/pico-sdk/src/rp2_common/pico_stdio_uart/stdio_uart.c.obj
 .text.stdio_uart_set_chars_available_callback
                0x10004718       0x8c CMakeFiles/test.dir/D_/SDKs/pico/pico-sdk/src/rp2_common/pico_stdio_uart/stdio_uart.c.obj
 .text.stdio_uart_init_full
                0x100047a4       0x44 CMakeFiles/test.dir/D_/SDKs/pico/pico-sdk/src/rp2_common/pico_stdio_uart/stdio_uart.c.obj
                0x100047a4                stdio_uart_init_full
 .text.stdio_uart_init
                0x100047e8       0x28 CMakeFiles/test.dir/D_/SDKs/pico/pico-sdk/src/rp2_common/pico_stdio_uart/stdio_uart.c.obj
                0x100047e8                stdio_uart_init
 .text.resetd_init
                0x10004810        0x2 CMakeFiles/test.dir/D_/SDKs/pico/pico-sdk/src/rp2_common/pico_stdio_usb/reset_interface.c.obj
 *fill*         0x10004812        0x2 
 .text.resetd_reset
                0x10004814        0xc CMakeFiles/test.dir/D_/SDKs/pico/pico-sdk/src/rp2_common/pico_stdio_usb/reset_interface.c.obj
 .text.resetd_open
                0x10004820       0x34 CMakeFiles/test.dir/D_/SDKs/pico/pico-sdk/src/rp2_common/pico_stdio_usb/reset_interface.c.obj
 .text.resetd_xfer_cb
                0x10004854        0x4 CMakeFiles/test.dir/D_/SDKs/pico/pico-sdk/src/rp2_common/pico_stdio_usb/reset_interface.c.obj
 .text.reset_usb_boot
                0x10004858       0x18 CMakeFiles/test.dir/D_/SDKs/pico/pico-sdk/src/rp2_common/pico_stdio_usb/reset_interface.c.obj
 .text.resetd_control_xfer_cb
                0x10004870       0x5c CMakeFiles/test.dir/D_/SDKs/pico/pico-sdk/src/rp2_common/pico_stdio_usb/reset_interface.c.obj
 .text.usbd_app_driver_get_cb
                0x100048cc        0xc CMakeFiles/test.dir/D_/SDKs/pico/pico-sdk/src/rp2_common/pico_stdio_usb/reset_interface.c.obj
                0x100048cc                usbd_app_driver_get_cb
 .text.tud_cdc_line_coding_cb
                0x100048d8       0x28 CMakeFiles/test.dir/D_/SDKs/pico/pico-sdk/src/rp2_common/pico_stdio_usb/reset_interface.c.obj
                0x100048d8                tud_cdc_line_coding_cb
 .text.stdio_usb_set_chars_available_callback
                0x10004900       0x14 CMakeFiles/test.dir/D_/SDKs/pico/pico-sdk/src/rp2_common/pico_stdio_usb/stdio_usb.c.obj
                0x10004900                stdio_usb_set_chars_available_callback
 .text.update_us_since_boot
                0x10004914       0x24 CMakeFiles/test.dir/D_/SDKs/pico/pico-sdk/src/rp2_common/pico_stdio_usb/stdio_usb.c.obj
 .text.get_absolute_time
                0x10004938       0x22 CMakeFiles/test.dir/D_/SDKs/pico/pico-sdk/src/rp2_common/pico_stdio_usb/stdio_usb.c.obj
 *fill*         0x1000495a        0x2 
 .text.delayed_by_ms
                0x1000495c       0x44 CMakeFiles/test.dir/D_/SDKs/pico/pico-sdk/src/rp2_common/pico_stdio_usb/stdio_usb.c.obj
 .text.make_timeout_time_ms
                0x100049a0       0x20 CMakeFiles/test.dir/D_/SDKs/pico/pico-sdk/src/rp2_common/pico_stdio_usb/stdio_usb.c.obj
 .text.delayed_by_us
                0x100049c0       0x34 CMakeFiles/test.dir/D_/SDKs/pico/pico-sdk/src/rp2_common/pico_stdio_usb/stdio_usb.c.obj
 .text.usb_irq  0x100049f4       0x10 CMakeFiles/test.dir/D_/SDKs/pico/pico-sdk/src/rp2_common/pico_stdio_usb/stdio_usb.c.obj
 .text.timer_task
                0x10004a04       0x58 CMakeFiles/test.dir/D_/SDKs/pico/pico-sdk/src/rp2_common/pico_stdio_usb/stdio_usb.c.obj
 .text.alarm_pool_add_alarm_in_us
                0x10004a5c       0x3a CMakeFiles/test.dir/D_/SDKs/pico/pico-sdk/src/rp2_common/pico_stdio_usb/stdio_usb.c.obj
 .text.add_alarm_in_us
                0x10004a96       0x2e CMakeFiles/test.dir/D_/SDKs/pico/pico-sdk/src/rp2_common/pico_stdio_usb/stdio_usb.c.obj
 .text.low_priority_worker_irq
                0x10004ac4       0x84 CMakeFiles/test.dir/D_/SDKs/pico/pico-sdk/src/rp2_common/pico_stdio_usb/stdio_usb.c.obj
 .text.tud_cdc_rx_cb
                0x10004b48       0x20 CMakeFiles/test.dir/D_/SDKs/pico/pico-sdk/src/rp2_common/pico_stdio_usb/stdio_usb.c.obj
                0x10004b48                tud_cdc_rx_cb
 .text.stdio_usb_init
                0x10004b68       0xdc CMakeFiles/test.dir/D_/SDKs/pico/pico-sdk/src/rp2_common/pico_stdio_usb/stdio_usb.c.obj
                0x10004b68                stdio_usb_init
 .text.stdio_usb_connected
                0x10004c44        0xa CMakeFiles/test.dir/D_/SDKs/pico/pico-sdk/src/rp2_common/pico_stdio_usb/stdio_usb.c.obj
                0x10004c44                stdio_usb_connected
 *fill*         0x10004c4e        0x2 
 .text.stdio_usb_in_chars
                0x10004c50       0x88 CMakeFiles/test.dir/D_/SDKs/pico/pico-sdk/src/rp2_common/pico_stdio_usb/stdio_usb.c.obj
                0x10004c50                stdio_usb_in_chars
 .text.stdio_usb_out_chars
                0x10004cd8       0xd8 CMakeFiles/test.dir/D_/SDKs/pico/pico-sdk/src/rp2_common/pico_stdio_usb/stdio_usb.c.obj
 .text.tud_descriptor_device_cb
                0x10004db0        0x8 CMakeFiles/test.dir/D_/SDKs/pico/pico-sdk/src/rp2_common/pico_stdio_usb/stdio_usb_descriptors.c.obj
                0x10004db0                tud_descriptor_device_cb
 .text.tud_descriptor_configuration_cb
                0x10004db8        0x8 CMakeFiles/test.dir/D_/SDKs/pico/pico-sdk/src/rp2_common/pico_stdio_usb/stdio_usb_descriptors.c.obj
                0x10004db8                tud_descriptor_configuration_cb
 .text.tud_descriptor_string_cb
                0x10004dc0       0x6c CMakeFiles/test.dir/D_/SDKs/pico/pico-sdk/src/rp2_common/pico_stdio_usb/stdio_usb_descriptors.c.obj
                0x10004dc0                tud_descriptor_string_cb
 .text._retrieve_unique_id_on_boot
                0x10004e2c       0x10 CMakeFiles/test.dir/D_/SDKs/pico/pico-sdk/src/rp2_common/pico_unique_id/unique_id.c.obj
 .text.pico_get_unique_board_id_string
                0x10004e3c       0x5c CMakeFiles/test.dir/D_/SDKs/pico/pico-sdk/src/rp2_common/pico_unique_id/unique_id.c.obj
                0x10004e3c                pico_get_unique_board_id_string
 .text.flash_get_unique_id
                0x10004e98       0x46 CMakeFiles/test.dir/D_/SDKs/pico/pico-sdk/src/rp2_common/hardware_flash/flash.c.obj
                0x10004e98                flash_get_unique_id
 *fill*         0x10004ede        0x2 
 .text.hw_endpoint_get_by_addr
                0x10004ee0       0x18 CMakeFiles/test.dir/D_/SDKs/pico/pico-sdk/lib/tinyusb/src/portable/raspberrypi/rp2040/dcd_rp2040.c.obj
 .text._hw_endpoint_alloc
                0x10004ef8       0x70 CMakeFiles/test.dir/D_/SDKs/pico/pico-sdk/lib/tinyusb/src/portable/raspberrypi/rp2040/dcd_rp2040.c.obj
 .text.hw_endpoint_init
                0x10004f68       0x88 CMakeFiles/test.dir/D_/SDKs/pico/pico-sdk/lib/tinyusb/src/portable/raspberrypi/rp2040/dcd_rp2040.c.obj
 .text.dcd_event_sof
                0x10004ff0       0x2c CMakeFiles/test.dir/D_/SDKs/pico/pico-sdk/lib/tinyusb/src/portable/raspberrypi/rp2040/dcd_rp2040.c.obj
 .text.hw_endpoint_xfer
                0x1000501c       0x14 CMakeFiles/test.dir/D_/SDKs/pico/pico-sdk/lib/tinyusb/src/portable/raspberrypi/rp2040/dcd_rp2040.c.obj
 .text.dcd_int_enable
                0x10005030       0x2c CMakeFiles/test.dir/D_/SDKs/pico/pico-sdk/lib/tinyusb/src/portable/raspberrypi/rp2040/dcd_rp2040.c.obj
                0x10005030                dcd_int_enable
 .text.dcd_set_address
                0x1000505c       0x2c CMakeFiles/test.dir/D_/SDKs/pico/pico-sdk/lib/tinyusb/src/portable/raspberrypi/rp2040/dcd_rp2040.c.obj
                0x1000505c                dcd_set_address
 .text.dcd_connect
                0x10005088       0x10 CMakeFiles/test.dir/D_/SDKs/pico/pico-sdk/lib/tinyusb/src/portable/raspberrypi/rp2040/dcd_rp2040.c.obj
                0x10005088                dcd_connect
 .text.dcd_init
                0x10005098       0x80 CMakeFiles/test.dir/D_/SDKs/pico/pico-sdk/lib/tinyusb/src/portable/raspberrypi/rp2040/dcd_rp2040.c.obj
                0x10005098                dcd_init
 .text.dcd_edpt0_status_complete
                0x10005118       0x1c CMakeFiles/test.dir/D_/SDKs/pico/pico-sdk/lib/tinyusb/src/portable/raspberrypi/rp2040/dcd_rp2040.c.obj
                0x10005118                dcd_edpt0_status_complete
 .text.dcd_edpt_open
                0x10005134       0x40 CMakeFiles/test.dir/D_/SDKs/pico/pico-sdk/lib/tinyusb/src/portable/raspberrypi/rp2040/dcd_rp2040.c.obj
                0x10005134                dcd_edpt_open
 .text.dcd_edpt_close_all
                0x10005174        0x8 CMakeFiles/test.dir/D_/SDKs/pico/pico-sdk/lib/tinyusb/src/portable/raspberrypi/rp2040/dcd_rp2040.c.obj
                0x10005174                dcd_edpt_close_all
 .text.dcd_edpt_xfer
                0x1000517c       0x34 CMakeFiles/test.dir/D_/SDKs/pico/pico-sdk/lib/tinyusb/src/portable/raspberrypi/rp2040/dcd_rp2040.c.obj
                0x1000517c                dcd_edpt_xfer
 .text.dcd_edpt_stall
                0x100051b0       0x2c CMakeFiles/test.dir/D_/SDKs/pico/pico-sdk/lib/tinyusb/src/portable/raspberrypi/rp2040/dcd_rp2040.c.obj
                0x100051b0                dcd_edpt_stall
 .text.dcd_edpt_clear_stall
                0x100051dc       0x20 CMakeFiles/test.dir/D_/SDKs/pico/pico-sdk/lib/tinyusb/src/portable/raspberrypi/rp2040/dcd_rp2040.c.obj
                0x100051dc                dcd_edpt_clear_stall
 .text.rp2040_usb_init
                0x100051fc       0x4c CMakeFiles/test.dir/D_/SDKs/pico/pico-sdk/lib/tinyusb/src/portable/raspberrypi/rp2040/rp2040_usb.c.obj
                0x100051fc                rp2040_usb_init
 .text.hw_endpoint_xfer_start
                0x10005248       0x50 CMakeFiles/test.dir/D_/SDKs/pico/pico-sdk/lib/tinyusb/src/portable/raspberrypi/rp2040/rp2040_usb.c.obj
                0x10005248                hw_endpoint_xfer_start
 .text.configuration_reset
                0x10005298       0x84 CMakeFiles/test.dir/D_/SDKs/pico/pico-sdk/lib/tinyusb/src/device/usbd.c.obj
 .text.usbd_reset
                0x1000531c        0xc CMakeFiles/test.dir/D_/SDKs/pico/pico-sdk/lib/tinyusb/src/device/usbd.c.obj
 .text.invoke_class_control
                0x10005328       0x1a CMakeFiles/test.dir/D_/SDKs/pico/pico-sdk/lib/tinyusb/src/device/usbd.c.obj
 *fill*         0x10005342        0x2 
 .text.process_set_config
                0x10005344      0x178 CMakeFiles/test.dir/D_/SDKs/pico/pico-sdk/lib/tinyusb/src/device/usbd.c.obj
 .text.process_get_descriptor
                0x100054bc       0xdc CMakeFiles/test.dir/D_/SDKs/pico/pico-sdk/lib/tinyusb/src/device/usbd.c.obj
 .text.tud_mounted
                0x10005598       0x10 CMakeFiles/test.dir/D_/SDKs/pico/pico-sdk/lib/tinyusb/src/device/usbd.c.obj
                0x10005598                tud_mounted
 .text.tud_suspended
                0x100055a8       0x10 CMakeFiles/test.dir/D_/SDKs/pico/pico-sdk/lib/tinyusb/src/device/usbd.c.obj
                0x100055a8                tud_suspended
 .text.tud_inited
                0x100055b8       0x14 CMakeFiles/test.dir/D_/SDKs/pico/pico-sdk/lib/tinyusb/src/device/usbd.c.obj
                0x100055b8                tud_inited
 .text.tud_init
                0x100055cc       0xcc CMakeFiles/test.dir/D_/SDKs/pico/pico-sdk/lib/tinyusb/src/device/usbd.c.obj
                0x100055cc                tud_init
 .text.usbd_defer_func
                0x10005698       0x2a CMakeFiles/test.dir/D_/SDKs/pico/pico-sdk/lib/tinyusb/src/device/usbd.c.obj
                0x10005698                usbd_defer_func
 *fill*         0x100056c2        0x2 
 .text.usbd_edpt_open
                0x100056c4       0x34 CMakeFiles/test.dir/D_/SDKs/pico/pico-sdk/lib/tinyusb/src/device/usbd.c.obj
                0x100056c4                usbd_edpt_open
 .text.usbd_open_edpt_pair
                0x100056f8       0x62 CMakeFiles/test.dir/D_/SDKs/pico/pico-sdk/lib/tinyusb/src/device/usbd.c.obj
                0x100056f8                usbd_open_edpt_pair
 *fill*         0x1000575a        0x2 
 .text.usbd_edpt_claim
                0x1000575c       0x28 CMakeFiles/test.dir/D_/SDKs/pico/pico-sdk/lib/tinyusb/src/device/usbd.c.obj
                0x1000575c                usbd_edpt_claim
 .text.usbd_edpt_release
                0x10005784       0x28 CMakeFiles/test.dir/D_/SDKs/pico/pico-sdk/lib/tinyusb/src/device/usbd.c.obj
                0x10005784                usbd_edpt_release
 .text.usbd_edpt_xfer
                0x100057ac       0x78 CMakeFiles/test.dir/D_/SDKs/pico/pico-sdk/lib/tinyusb/src/device/usbd.c.obj
                0x100057ac                usbd_edpt_xfer
 .text.usbd_edpt_stall
                0x10005824       0x48 CMakeFiles/test.dir/D_/SDKs/pico/pico-sdk/lib/tinyusb/src/device/usbd.c.obj
                0x10005824                usbd_edpt_stall
 .text.usbd_edpt_clear_stall
                0x1000586c       0x48 CMakeFiles/test.dir/D_/SDKs/pico/pico-sdk/lib/tinyusb/src/device/usbd.c.obj
                0x1000586c                usbd_edpt_clear_stall
 .text.usbd_edpt_stalled
                0x100058b4       0x1c CMakeFiles/test.dir/D_/SDKs/pico/pico-sdk/lib/tinyusb/src/device/usbd.c.obj
                0x100058b4                usbd_edpt_stalled
 .text.process_control_request
                0x100058d0      0x374 CMakeFiles/test.dir/D_/SDKs/pico/pico-sdk/lib/tinyusb/src/device/usbd.c.obj
 .text.tud_task_ext
                0x10005c44      0x1b4 CMakeFiles/test.dir/D_/SDKs/pico/pico-sdk/lib/tinyusb/src/device/usbd.c.obj
                0x10005c44                tud_task_ext
 .text._status_stage_xact
                0x10005df8       0x1a CMakeFiles/test.dir/D_/SDKs/pico/pico-sdk/lib/tinyusb/src/device/usbd_control.c.obj
 *fill*         0x10005e12        0x2 
 .text._data_stage_xact
                0x10005e14       0x58 CMakeFiles/test.dir/D_/SDKs/pico/pico-sdk/lib/tinyusb/src/device/usbd_control.c.obj
 .text.tud_control_status
                0x10005e6c       0x28 CMakeFiles/test.dir/D_/SDKs/pico/pico-sdk/lib/tinyusb/src/device/usbd_control.c.obj
                0x10005e6c                tud_control_status
 .text.tud_control_xfer
                0x10005e94       0x68 CMakeFiles/test.dir/D_/SDKs/pico/pico-sdk/lib/tinyusb/src/device/usbd_control.c.obj
                0x10005e94                tud_control_xfer
 .text.usbd_control_reset
                0x10005efc       0x14 CMakeFiles/test.dir/D_/SDKs/pico/pico-sdk/lib/tinyusb/src/device/usbd_control.c.obj
                0x10005efc                usbd_control_reset
 .text.usbd_control_set_complete_callback
                0x10005f10        0xc CMakeFiles/test.dir/D_/SDKs/pico/pico-sdk/lib/tinyusb/src/device/usbd_control.c.obj
                0x10005f10                usbd_control_set_complete_callback
 .text.usbd_control_set_request
                0x10005f1c       0x1c CMakeFiles/test.dir/D_/SDKs/pico/pico-sdk/lib/tinyusb/src/device/usbd_control.c.obj
                0x10005f1c                usbd_control_set_request
 .text.usbd_control_xfer_cb
                0x10005f38       0xbc CMakeFiles/test.dir/D_/SDKs/pico/pico-sdk/lib/tinyusb/src/device/usbd_control.c.obj
                0x10005f38                usbd_control_xfer_cb
 .text._prep_out_transaction
                0x10005ff4       0x4a CMakeFiles/test.dir/D_/SDKs/pico/pico-sdk/lib/tinyusb/src/class/cdc/cdc_device.c.obj
 *fill*         0x1000603e        0x2 
 .text.tud_cdc_n_connected
                0x10006040       0x38 CMakeFiles/test.dir/D_/SDKs/pico/pico-sdk/lib/tinyusb/src/class/cdc/cdc_device.c.obj
                0x10006040                tud_cdc_n_connected
 .text.tud_cdc_n_available
                0x10006078       0x18 CMakeFiles/test.dir/D_/SDKs/pico/pico-sdk/lib/tinyusb/src/class/cdc/cdc_device.c.obj
                0x10006078                tud_cdc_n_available
 .text.tud_cdc_n_read
                0x10006090       0x28 CMakeFiles/test.dir/D_/SDKs/pico/pico-sdk/lib/tinyusb/src/class/cdc/cdc_device.c.obj
                0x10006090                tud_cdc_n_read
 .text.tud_cdc_n_write_flush
                0x100060b8       0xb8 CMakeFiles/test.dir/D_/SDKs/pico/pico-sdk/lib/tinyusb/src/class/cdc/cdc_device.c.obj
                0x100060b8                tud_cdc_n_write_flush
 .text.tud_cdc_n_write
                0x10006170       0x38 CMakeFiles/test.dir/D_/SDKs/pico/pico-sdk/lib/tinyusb/src/class/cdc/cdc_device.c.obj
                0x10006170                tud_cdc_n_write
 .text.tud_cdc_n_write_available
                0x100061a8       0x1c CMakeFiles/test.dir/D_/SDKs/pico/pico-sdk/lib/tinyusb/src/class/cdc/cdc_device.c.obj
                0x100061a8                tud_cdc_n_write_available
 .text.cdcd_init
                0x100061c4       0xbc CMakeFiles/test.dir/D_/SDKs/pico/pico-sdk/lib/tinyusb/src/class/cdc/cdc_device.c.obj
                0x100061c4                cdcd_init
 .text.cdcd_reset
                0x10006280       0x44 CMakeFiles/test.dir/D_/SDKs/pico/pico-sdk/lib/tinyusb/src/class/cdc/cdc_device.c.obj
                0x10006280                cdcd_reset
 .text.cdcd_open
                0x100062c4       0xc4 CMakeFiles/test.dir/D_/SDKs/pico/pico-sdk/lib/tinyusb/src/class/cdc/cdc_device.c.obj
                0x100062c4                cdcd_open
 .text.cdcd_control_xfer_cb
                0x10006388      0x134 CMakeFiles/test.dir/D_/SDKs/pico/pico-sdk/lib/tinyusb/src/class/cdc/cdc_device.c.obj
                0x10006388                cdcd_control_xfer_cb
 .text.cdcd_xfer_cb
                0x100064bc      0x130 CMakeFiles/test.dir/D_/SDKs/pico/pico-sdk/lib/tinyusb/src/class/cdc/cdc_device.c.obj
                0x100064bc                cdcd_xfer_cb
 .text.tusb_init
                0x100065ec        0xa CMakeFiles/test.dir/D_/SDKs/pico/pico-sdk/lib/tinyusb/src/tusb.c.obj
                0x100065ec                tusb_init
 .text.tusb_inited
                0x100065f6        0xe CMakeFiles/test.dir/D_/SDKs/pico/pico-sdk/lib/tinyusb/src/tusb.c.obj
                0x100065f6                tusb_inited
 .text.tu_edpt_claim
                0x10006604       0x50 CMakeFiles/test.dir/D_/SDKs/pico/pico-sdk/lib/tinyusb/src/tusb.c.obj
                0x10006604                tu_edpt_claim
 .text.tu_edpt_release
                0x10006654       0x38 CMakeFiles/test.dir/D_/SDKs/pico/pico-sdk/lib/tinyusb/src/tusb.c.obj
                0x10006654                tu_edpt_release
 .text.tu_edpt_validate
                0x1000668c       0x78 CMakeFiles/test.dir/D_/SDKs/pico/pico-sdk/lib/tinyusb/src/tusb.c.obj
                0x1000668c                tu_edpt_validate
 .text.tu_edpt_bind_driver
                0x10006704       0x26 CMakeFiles/test.dir/D_/SDKs/pico/pico-sdk/lib/tinyusb/src/tusb.c.obj
                0x10006704                tu_edpt_bind_driver
 .text.advance_index
                0x1000672a       0x1a CMakeFiles/test.dir/D_/SDKs/pico/pico-sdk/lib/tinyusb/src/common/tusb_fifo.c.obj
 .text._tu_fifo_peek
                0x10006744       0x56 CMakeFiles/test.dir/D_/SDKs/pico/pico-sdk/lib/tinyusb/src/common/tusb_fifo.c.obj
 .text._ff_pull_const_addr
                0x1000679a       0x4c CMakeFiles/test.dir/D_/SDKs/pico/pico-sdk/lib/tinyusb/src/common/tusb_fifo.c.obj
 .text._ff_pull_n
                0x100067e6      0x110 CMakeFiles/test.dir/D_/SDKs/pico/pico-sdk/lib/tinyusb/src/common/tusb_fifo.c.obj
 .text._tu_fifo_peek_n
                0x100068f6       0x6a CMakeFiles/test.dir/D_/SDKs/pico/pico-sdk/lib/tinyusb/src/common/tusb_fifo.c.obj
 .text._tu_fifo_read_n
                0x10006960       0x4e CMakeFiles/test.dir/D_/SDKs/pico/pico-sdk/lib/tinyusb/src/common/tusb_fifo.c.obj
 .text._ff_push_const_addr
                0x100069ae       0x40 CMakeFiles/test.dir/D_/SDKs/pico/pico-sdk/lib/tinyusb/src/common/tusb_fifo.c.obj
 .text._ff_push_n
                0x100069ee      0x10c CMakeFiles/test.dir/D_/SDKs/pico/pico-sdk/lib/tinyusb/src/common/tusb_fifo.c.obj
 .text._tu_fifo_write_n
                0x10006afa       0xf0 CMakeFiles/test.dir/D_/SDKs/pico/pico-sdk/lib/tinyusb/src/common/tusb_fifo.c.obj
 .text.tu_fifo_config
                0x10006bea       0x7c CMakeFiles/test.dir/D_/SDKs/pico/pico-sdk/lib/tinyusb/src/common/tusb_fifo.c.obj
                0x10006bea                tu_fifo_config
 .text.tu_fifo_count
                0x10006c66       0x2a CMakeFiles/test.dir/D_/SDKs/pico/pico-sdk/lib/tinyusb/src/common/tusb_fifo.c.obj
                0x10006c66                tu_fifo_count
 .text.tu_fifo_empty
                0x10006c90        0xe CMakeFiles/test.dir/D_/SDKs/pico/pico-sdk/lib/tinyusb/src/common/tusb_fifo.c.obj
                0x10006c90                tu_fifo_empty
 .text.tu_fifo_full
                0x10006c9e       0x28 CMakeFiles/test.dir/D_/SDKs/pico/pico-sdk/lib/tinyusb/src/common/tusb_fifo.c.obj
                0x10006c9e                tu_fifo_full
 .text.tu_fifo_remaining
                0x10006cc6       0x2c CMakeFiles/test.dir/D_/SDKs/pico/pico-sdk/lib/tinyusb/src/common/tusb_fifo.c.obj
                0x10006cc6                tu_fifo_remaining
 .text.tu_fifo_read
                0x10006cf2       0x42 CMakeFiles/test.dir/D_/SDKs/pico/pico-sdk/lib/tinyusb/src/common/tusb_fifo.c.obj
                0x10006cf2                tu_fifo_read
 .text.tu_fifo_read_n
                0x10006d34        0xa CMakeFiles/test.dir/D_/SDKs/pico/pico-sdk/lib/tinyusb/src/common/tusb_fifo.c.obj
                0x10006d34                tu_fifo_read_n
 .text.tu_fifo_write
                0x10006d3e       0x64 CMakeFiles/test.dir/D_/SDKs/pico/pico-sdk/lib/tinyusb/src/common/tusb_fifo.c.obj
                0x10006d3e                tu_fifo_write
 .text.tu_fifo_write_n
                0x10006da2        0xa CMakeFiles/test.dir/D_/SDKs/pico/pico-sdk/lib/tinyusb/src/common/tusb_fifo.c.obj
                0x10006da2                tu_fifo_write_n
 .text.tu_fifo_clear
                0x10006dac       0x3e CMakeFiles/test.dir/D_/SDKs/pico/pico-sdk/lib/tinyusb/src/common/tusb_fifo.c.obj
                0x10006dac                tu_fifo_clear
 .text.tu_fifo_set_overwritable
                0x10006dea       0x46 CMakeFiles/test.dir/D_/SDKs/pico/pico-sdk/lib/tinyusb/src/common/tusb_fifo.c.obj
                0x10006dea                tu_fifo_set_overwritable
 .text.strlen   0x10006e30       0x5c d:/sdks/12.2 mpacbti-rel1/bin/../lib/gcc/arm-none-eabi/12.2.1/thumb/v6-m/nofp\libg.a(libc_a-strlen-stub.o)
                0x10006e30                strlen
 *(.fini)
 .fini          0x10006e8c        0x4 d:/sdks/12.2 mpacbti-rel1/bin/../lib/gcc/arm-none-eabi/12.2.1/thumb/v6-m/nofp/crti.o
                0x10006e8c                _fini
 .fini.__stub   0x10006e90       0xe0 linker stubs
 *crtbegin.o(.ctors)
 *crtbegin?.o(.ctors)
 *(EXCLUDE_FILE(*crtend.o *crtend?.o) .ctors)
 *(SORT_BY_NAME(.ctors.*))
 *(.ctors)
 *crtbegin.o(.dtors)
 *crtbegin?.o(.dtors)
 *(EXCLUDE_FILE(*crtend.o *crtend?.o) .dtors)
 *(SORT_BY_NAME(.dtors.*))
 *(.dtors)
 *(.eh_frame*)
 .eh_frame      0x10006f70        0x0 d:/sdks/12.2 mpacbti-rel1/bin/../lib/gcc/arm-none-eabi/12.2.1/thumb/v6-m/nofp/crtbegin.o
                0x10006f70                        . = ALIGN (0x4)

.glue_7         0x10006f70        0x0
 .glue_7        0x10006f70        0x0 linker stubs

.glue_7t        0x10006f70        0x0
 .glue_7t       0x10006f70        0x0 linker stubs

.vfp11_veneer   0x10006f70        0x0
 .vfp11_veneer  0x10006f70        0x0 linker stubs

.v4_bx          0x10006f70        0x0
 .v4_bx         0x10006f70        0x0 linker stubs

.iplt           0x10006f70        0x0
 .iplt          0x10006f70        0x0 d:/sdks/12.2 mpacbti-rel1/bin/../lib/gcc/arm-none-eabi/12.2.1/thumb/v6-m/nofp/crtbegin.o

.rodata         0x10006f70     0x152c
 *(EXCLUDE_FILE(*libm.a: *libc.a:*lib_a-mem*.o *libgcc.a:) .rodata*)
 .rodata.main.str1.4
                0x10006f70        0xd CMakeFiles/test.dir/test.c.obj
 *fill*         0x10006f7d        0x3 
 .rodata.str1.4
                0x10006f80       0x25 CMakeFiles/test.dir/test.c.obj
 *fill*         0x10006fa5        0x3 
 .rodata.__bi_8.0
                0x10006fa8        0xc CMakeFiles/test.dir/test.c.obj
 .rodata.__bi_9.1
                0x10006fb4        0xc CMakeFiles/test.dir/test.c.obj
 .rodata.spin_lock_claim_unused.str1.4
                0x10006fc0       0x1b CMakeFiles/test.dir/D_/SDKs/pico/pico-sdk/src/rp2_common/hardware_sync/sync.c.obj
 *fill*         0x10006fdb        0x1 
 .rodata.resolve_branch.str1.4
                0x10006fdc       0x50 CMakeFiles/test.dir/D_/SDKs/pico/pico-sdk/src/rp2_common/hardware_irq/irq.c.obj
 .rodata.make_branch.str1.4
                0x1000702c       0x30 CMakeFiles/test.dir/D_/SDKs/pico/pico-sdk/src/rp2_common/hardware_irq/irq.c.obj
 .rodata.insert_branch_and_link.str1.4
                0x1000705c       0x10 CMakeFiles/test.dir/D_/SDKs/pico/pico-sdk/src/rp2_common/hardware_irq/irq.c.obj
 .rodata.irq_set_exclusive_handler.str1.4
                0x1000706c       0x36 CMakeFiles/test.dir/D_/SDKs/pico/pico-sdk/src/rp2_common/hardware_irq/irq.c.obj
 *fill*         0x100070a2        0x2 
 .rodata.irq_add_shared_handler.str1.4
                0x100070a4       0xc2 CMakeFiles/test.dir/D_/SDKs/pico/pico-sdk/src/rp2_common/hardware_irq/irq.c.obj
 *fill*         0x10007166        0x2 
 .rodata.irq_remove_handler.str1.4
                0x10007168       0x3a CMakeFiles/test.dir/D_/SDKs/pico/pico-sdk/src/rp2_common/hardware_irq/irq.c.obj
 *fill*         0x100071a2        0x2 
 .rodata.irq_add_tail_to_free_list.str1.4
                0x100071a4       0x3a CMakeFiles/test.dir/D_/SDKs/pico/pico-sdk/src/rp2_common/hardware_irq/irq.c.obj
 *fill*         0x100071de        0x2 
 .rodata.user_irq_claim_unused.str1.4
                0x100071e0       0x1b CMakeFiles/test.dir/D_/SDKs/pico/pico-sdk/src/rp2_common/hardware_irq/irq.c.obj
 *fill*         0x100071fb        0x1 
 .rodata.__func__.0
                0x100071fc       0x1a CMakeFiles/test.dir/D_/SDKs/pico/pico-sdk/src/rp2_common/hardware_irq/irq.c.obj
 *fill*         0x10007216        0x2 
 .rodata.__func__.1
                0x10007218       0x17 CMakeFiles/test.dir/D_/SDKs/pico/pico-sdk/src/rp2_common/hardware_irq/irq.c.obj
 *fill*         0x1000722f        0x1 
 .rodata.__func__.2
                0x10007230       0x13 CMakeFiles/test.dir/D_/SDKs/pico/pico-sdk/src/rp2_common/hardware_irq/irq.c.obj
 *fill*         0x10007243        0x1 
 .rodata.__func__.3
                0x10007244        0xc CMakeFiles/test.dir/D_/SDKs/pico/pico-sdk/src/rp2_common/hardware_irq/irq.c.obj
 .rodata.__func__.4
                0x10007250        0xf CMakeFiles/test.dir/D_/SDKs/pico/pico-sdk/src/rp2_common/hardware_irq/irq.c.obj
 *fill*         0x1000725f        0x1 
 .rodata.__func__.5
                0x10007260       0x17 CMakeFiles/test.dir/D_/SDKs/pico/pico-sdk/src/rp2_common/hardware_irq/irq.c.obj
 *fill*         0x10007277        0x1 
 .rodata.__func__.6
                0x10007278       0x1a CMakeFiles/test.dir/D_/SDKs/pico/pico-sdk/src/rp2_common/hardware_irq/irq.c.obj
 *fill*         0x10007292        0x2 
 .rodata.update_us_since_boot.str1.4
                0x10007294       0x5c CMakeFiles/test.dir/D_/SDKs/pico/pico-sdk/src/common/pico_sync/mutex.c.obj
 .rodata.str1.4
                0x100072f0       0x85 CMakeFiles/test.dir/D_/SDKs/pico/pico-sdk/src/common/pico_sync/mutex.c.obj
 *fill*         0x10007375        0x3 
 .rodata.__func__.1
                0x10007378        0xb CMakeFiles/test.dir/D_/SDKs/pico/pico-sdk/src/common/pico_sync/mutex.c.obj
 *fill*         0x10007383        0x1 
 .rodata.__func__.3
                0x10007384       0x18 CMakeFiles/test.dir/D_/SDKs/pico/pico-sdk/src/common/pico_sync/mutex.c.obj
 .rodata.__func__.4
                0x1000739c       0x15 CMakeFiles/test.dir/D_/SDKs/pico/pico-sdk/src/common/pico_sync/mutex.c.obj
 *fill*         0x100073b1        0x3 
 .rodata.get_entry.str1.4
                0x100073b4       0x56 CMakeFiles/test.dir/D_/SDKs/pico/pico-sdk/src/common/pico_time/time.c.obj
 .rodata.update_us_since_boot.str1.4
                0x1000740a       0x5c CMakeFiles/test.dir/D_/SDKs/pico/pico-sdk/src/common/pico_time/time.c.obj
 *fill*         0x1000740a        0x2 
 .rodata.ph_get_node.str1.4
                0x1000740c       0x61 CMakeFiles/test.dir/D_/SDKs/pico/pico-sdk/src/common/pico_time/time.c.obj
 *fill*         0x1000746d        0x3 
 .rodata.ph_add_child_node.str1.4
                0x10007470       0x2e CMakeFiles/test.dir/D_/SDKs/pico/pico-sdk/src/common/pico_time/time.c.obj
 *fill*         0x1000749e        0x2 
 .rodata.ph_insert_node.str1.4
                0x100074a0        0x3 CMakeFiles/test.dir/D_/SDKs/pico/pico-sdk/src/common/pico_time/time.c.obj
 *fill*         0x100074a3        0x1 
 .rodata.ph_free_node.str1.4
                0x100074a4       0x38 CMakeFiles/test.dir/D_/SDKs/pico/pico-sdk/src/common/pico_time/time.c.obj
 .rodata.add_alarm_under_lock.str1.4
                0x100074dc       0x28 CMakeFiles/test.dir/D_/SDKs/pico/pico-sdk/src/common/pico_time/time.c.obj
 .rodata.alarm_pool_alarm_callback.str1.4
                0x10007504       0x60 CMakeFiles/test.dir/D_/SDKs/pico/pico-sdk/src/common/pico_time/time.c.obj
 .rodata.alarm_pool_get_default.str1.4
                0x10007564       0x21 CMakeFiles/test.dir/D_/SDKs/pico/pico-sdk/src/common/pico_time/time.c.obj
 *fill*         0x10007585        0x3 
 .rodata.alarm_pool_cancel_alarm.str1.4
                0x10007588       0x27 CMakeFiles/test.dir/D_/SDKs/pico/pico-sdk/src/common/pico_time/time.c.obj
 *fill*         0x100075af        0x1 
 .rodata.sleep_until.str1.4
                0x100075b0       0x4d CMakeFiles/test.dir/D_/SDKs/pico/pico-sdk/src/common/pico_time/time.c.obj
 *fill*         0x100075fd        0x3 
 .rodata.__func__.1
                0x10007600       0x18 CMakeFiles/test.dir/D_/SDKs/pico/pico-sdk/src/common/pico_time/time.c.obj
 .rodata.__func__.3
                0x10007618       0x17 CMakeFiles/test.dir/D_/SDKs/pico/pico-sdk/src/common/pico_time/time.c.obj
 *fill*         0x1000762f        0x1 
 .rodata.__func__.4
                0x10007630       0x12 CMakeFiles/test.dir/D_/SDKs/pico/pico-sdk/src/common/pico_time/time.c.obj
 *fill*         0x10007642        0x2 
 .rodata.__func__.5
                0x10007644        0xd CMakeFiles/test.dir/D_/SDKs/pico/pico-sdk/src/common/pico_time/time.c.obj
 *fill*         0x10007651        0x3 
 .rodata.__func__.6
                0x10007654       0x12 CMakeFiles/test.dir/D_/SDKs/pico/pico-sdk/src/common/pico_time/time.c.obj
 *fill*         0x10007666        0x2 
 .rodata.__func__.7
                0x10007668        0xf CMakeFiles/test.dir/D_/SDKs/pico/pico-sdk/src/common/pico_time/time.c.obj
 *fill*         0x10007677        0x1 
 .rodata.__func__.8
                0x10007678        0xc CMakeFiles/test.dir/D_/SDKs/pico/pico-sdk/src/common/pico_time/time.c.obj
 .rodata.__func__.9
                0x10007684       0x15 CMakeFiles/test.dir/D_/SDKs/pico/pico-sdk/src/common/pico_time/time.c.obj
 *fill*         0x10007699        0x3 
 .rodata.__func__.10
                0x1000769c       0x15 CMakeFiles/test.dir/D_/SDKs/pico/pico-sdk/src/common/pico_time/time.c.obj
 *fill*         0x100076b1        0x3 
 .rodata.__func__.11
                0x100076b4       0x1a CMakeFiles/test.dir/D_/SDKs/pico/pico-sdk/src/common/pico_time/time.c.obj
 *fill*         0x100076ce        0x2 
 .rodata.__func__.12
                0x100076d0        0xa CMakeFiles/test.dir/D_/SDKs/pico/pico-sdk/src/common/pico_time/time.c.obj
 *fill*         0x100076da        0x2 
 .rodata.hardware_alarm_claim.str1.4
                0x100076dc       0x22 CMakeFiles/test.dir/D_/SDKs/pico/pico-sdk/src/rp2_common/hardware_timer/timer.c.obj
 *fill*         0x100076fe        0x2 
 .rodata.hardware_alarm_set_target.str1.4
                0x10007700       0x60 CMakeFiles/test.dir/D_/SDKs/pico/pico-sdk/src/rp2_common/hardware_timer/timer.c.obj
 .rodata.__func__.0
                0x10007760       0x1a CMakeFiles/test.dir/D_/SDKs/pico/pico-sdk/src/rp2_common/hardware_timer/timer.c.obj
 .rodata.ph_get_node.str1.4
                0x1000777a       0x61 CMakeFiles/test.dir/D_/SDKs/pico/pico-sdk/src/common/pico_util/pheap.c.obj
 .rodata.ph_add_child_node.str1.4
                0x1000777a       0x2e CMakeFiles/test.dir/D_/SDKs/pico/pico-sdk/src/common/pico_util/pheap.c.obj
 *fill*         0x1000777a        0x2 
 .rodata.ph_remove_any_head.str1.4
                0x1000777c       0x88 CMakeFiles/test.dir/D_/SDKs/pico/pico-sdk/src/common/pico_util/pheap.c.obj
                                 0x9c (size before relaxing)
 .rodata.ph_remove_and_free_node.str1.4
                0x10007804       0x1e CMakeFiles/test.dir/D_/SDKs/pico/pico-sdk/src/common/pico_util/pheap.c.obj
                                 0x26 (size before relaxing)
 *fill*         0x10007822        0x2 
 .rodata.__func__.0
                0x10007824       0x18 CMakeFiles/test.dir/D_/SDKs/pico/pico-sdk/src/common/pico_util/pheap.c.obj
 .rodata.__func__.1
                0x1000783c       0x13 CMakeFiles/test.dir/D_/SDKs/pico/pico-sdk/src/common/pico_util/pheap.c.obj
 *fill*         0x1000784f        0x1 
 .rodata.__func__.2
                0x10007850       0x12 CMakeFiles/test.dir/D_/SDKs/pico/pico-sdk/src/common/pico_util/pheap.c.obj
 *fill*         0x10007862        0x2 
 .rodata.__func__.3
                0x10007864        0xc CMakeFiles/test.dir/D_/SDKs/pico/pico-sdk/src/common/pico_util/pheap.c.obj
 .rodata.clock_configure.str1.4
                0x10007870       0x52 CMakeFiles/test.dir/D_/SDKs/pico/pico-sdk/src/rp2_common/hardware_clocks/clocks.c.obj
 *fill*         0x100078c2        0x2 
 .rodata.__func__.1
                0x100078c4       0x10 CMakeFiles/test.dir/D_/SDKs/pico/pico-sdk/src/rp2_common/hardware_clocks/clocks.c.obj
 .rodata.pll_init.str1.4
                0x100078d4      0x11b CMakeFiles/test.dir/D_/SDKs/pico/pico-sdk/src/rp2_common/hardware_pll/pll.c.obj
 *fill*         0x100079ef        0x1 
 .rodata.__func__.0
                0x100079f0        0x9 CMakeFiles/test.dir/D_/SDKs/pico/pico-sdk/src/rp2_common/hardware_pll/pll.c.obj
 *fill*         0x100079f9        0x3 
 .rodata.__assert_func.str1.4
                0x100079fc       0x3f CMakeFiles/test.dir/D_/SDKs/pico/pico-sdk/src/rp2_common/pico_runtime/runtime.c.obj
                                 0x43 (size before relaxing)
 *fill*         0x10007a3b        0x1 
 .rodata.runtime_init.str1.4
                0x10007a3c       0x5c CMakeFiles/test.dir/D_/SDKs/pico/pico-sdk/src/rp2_common/pico_runtime/runtime.c.obj
 .rodata.panic.str1.4
                0x10007a98       0x12 CMakeFiles/test.dir/D_/SDKs/pico/pico-sdk/src/rp2_common/pico_runtime/runtime.c.obj
 *fill*         0x10007aaa        0x2 
 .rodata.__func__.2
                0x10007aac        0xd CMakeFiles/test.dir/D_/SDKs/pico/pico-sdk/src/rp2_common/pico_runtime/runtime.c.obj
 *fill*         0x10007ab9        0x3 
 .rodata._ftoa.str1.4
                0x10007abc       0x15 CMakeFiles/test.dir/D_/SDKs/pico/pico-sdk/src/rp2_common/pico_printf/printf.c.obj
 *fill*         0x10007ad1        0x3 
 .rodata._vsnprintf
                0x10007ad4      0x19c CMakeFiles/test.dir/D_/SDKs/pico/pico-sdk/src/rp2_common/pico_printf/printf.c.obj
 .rodata.pow10.0
                0x10007c70       0x50 CMakeFiles/test.dir/D_/SDKs/pico/pico-sdk/src/rp2_common/pico_printf/printf.c.obj
 .rodata.__aeabi_double_init.str1.4
                0x10007cc0       0xa3 CMakeFiles/test.dir/D_/SDKs/pico/pico-sdk/src/rp2_common/pico_double/double_init_rom.c.obj
 *fill*         0x10007d63        0x1 
 .rodata.__func__.0
                0x10007d64       0x14 CMakeFiles/test.dir/D_/SDKs/pico/pico-sdk/src/rp2_common/pico_double/double_init_rom.c.obj
 .rodata.__aeabi_float_init.str1.4
                0x10007d78       0x75 CMakeFiles/test.dir/D_/SDKs/pico/pico-sdk/src/rp2_common/pico_float/float_init_rom.c.obj
                                 0x79 (size before relaxing)
 *fill*         0x10007ded        0x3 
 .rodata.__func__.0
                0x10007df0       0x13 CMakeFiles/test.dir/D_/SDKs/pico/pico-sdk/src/rp2_common/pico_float/float_init_rom.c.obj
 *fill*         0x10007e03        0x1 
 .rodata.str1.4
                0x10007e04       0x3c CMakeFiles/test.dir/D_/SDKs/pico/pico-sdk/src/rp2_common/pico_standard_link/binary_info.c.obj
 .rodata.__bi_81
                0x10007e40        0xc CMakeFiles/test.dir/D_/SDKs/pico/pico-sdk/src/rp2_common/pico_standard_link/binary_info.c.obj
 .rodata.__bi_75
                0x10007e4c        0xc CMakeFiles/test.dir/D_/SDKs/pico/pico-sdk/src/rp2_common/pico_standard_link/binary_info.c.obj
 .rodata.__bi_44
                0x10007e58        0xc CMakeFiles/test.dir/D_/SDKs/pico/pico-sdk/src/rp2_common/pico_standard_link/binary_info.c.obj
 .rodata.update_us_since_boot.str1.4
                0x10007e64       0x5c CMakeFiles/test.dir/D_/SDKs/pico/pico-sdk/src/rp2_common/pico_stdio/stdio.c.obj
 .rodata.crlf_str.2
                0x10007e64        0x2 CMakeFiles/test.dir/D_/SDKs/pico/pico-sdk/src/rp2_common/pico_stdio/stdio.c.obj
 *fill*         0x10007e66        0x2 
 .rodata.__func__.3
                0x10007e68       0x15 CMakeFiles/test.dir/D_/SDKs/pico/pico-sdk/src/rp2_common/pico_stdio/stdio.c.obj
 *fill*         0x10007e7d        0x3 
 .rodata.str1.4
                0x10007e80       0x2c CMakeFiles/test.dir/D_/SDKs/pico/pico-sdk/src/rp2_common/pico_stdio_uart/stdio_uart.c.obj
 .rodata.__bi_33.4
                0x10007eac        0xc CMakeFiles/test.dir/D_/SDKs/pico/pico-sdk/src/rp2_common/pico_stdio_uart/stdio_uart.c.obj
 .rodata.__bi_34.5
                0x10007eb8        0x8 CMakeFiles/test.dir/D_/SDKs/pico/pico-sdk/src/rp2_common/pico_stdio_uart/stdio_uart.c.obj
 .rodata._resetd_driver
                0x10007ec0       0x18 CMakeFiles/test.dir/D_/SDKs/pico/pico-sdk/src/rp2_common/pico_stdio_usb/reset_interface.c.obj
 .rodata.update_us_since_boot.str1.4
                0x10007ed8       0x5c CMakeFiles/test.dir/D_/SDKs/pico/pico-sdk/src/rp2_common/pico_stdio_usb/stdio_usb.c.obj
 .rodata.stdio_usb_init.str1.4
                0x10007ed8       0x40 CMakeFiles/test.dir/D_/SDKs/pico/pico-sdk/src/rp2_common/pico_stdio_usb/stdio_usb.c.obj
                                 0x48 (size before relaxing)
 .rodata.str1.4
                0x10007f18       0x13 CMakeFiles/test.dir/D_/SDKs/pico/pico-sdk/src/rp2_common/pico_stdio_usb/stdio_usb.c.obj
 *fill*         0x10007f2b        0x1 
 .rodata.__bi_188.0
                0x10007f2c        0xc CMakeFiles/test.dir/D_/SDKs/pico/pico-sdk/src/rp2_common/pico_stdio_usb/stdio_usb.c.obj
 .rodata.__func__.1
                0x10007f38        0xf CMakeFiles/test.dir/D_/SDKs/pico/pico-sdk/src/rp2_common/pico_stdio_usb/stdio_usb.c.obj
 *fill*         0x10007f47        0x1 
 .rodata.__func__.3
                0x10007f48       0x15 CMakeFiles/test.dir/D_/SDKs/pico/pico-sdk/src/rp2_common/pico_stdio_usb/stdio_usb.c.obj
 *fill*         0x10007f5d        0x3 
 .rodata.str1.4
                0x10007f60       0x2a CMakeFiles/test.dir/D_/SDKs/pico/pico-sdk/src/rp2_common/pico_stdio_usb/stdio_usb_descriptors.c.obj
 *fill*         0x10007f8a        0x2 
 .rodata.usbd_desc_str
                0x10007f8c       0x18 CMakeFiles/test.dir/D_/SDKs/pico/pico-sdk/src/rp2_common/pico_stdio_usb/stdio_usb_descriptors.c.obj
 .rodata.usbd_desc_cfg
                0x10007fa4       0x54 CMakeFiles/test.dir/D_/SDKs/pico/pico-sdk/src/rp2_common/pico_stdio_usb/stdio_usb_descriptors.c.obj
 .rodata.usbd_desc_device
                0x10007ff8       0x12 CMakeFiles/test.dir/D_/SDKs/pico/pico-sdk/src/rp2_common/pico_stdio_usb/stdio_usb_descriptors.c.obj
 *fill*         0x1000800a        0x2 
 .rodata.pico_get_unique_board_id_string.str1.4
                0x1000800c       0x48 CMakeFiles/test.dir/D_/SDKs/pico/pico-sdk/src/rp2_common/pico_unique_id/unique_id.c.obj
 .rodata.__func__.0
                0x10008054       0x20 CMakeFiles/test.dir/D_/SDKs/pico/pico-sdk/src/rp2_common/pico_unique_id/unique_id.c.obj
 .rodata.str1.4
                0x10008074      0x152 CMakeFiles/test.dir/D_/SDKs/pico/pico-sdk/src/rp2_common/hardware_flash/flash.c.obj
 *fill*         0x100081c6        0x2 
 .rodata.__func__.0
                0x100081c8        0xd CMakeFiles/test.dir/D_/SDKs/pico/pico-sdk/src/rp2_common/hardware_flash/flash.c.obj
 *fill*         0x100081d5        0x3 
 .rodata._hw_endpoint_alloc.str1.4
                0x100081d8       0xb1 CMakeFiles/test.dir/D_/SDKs/pico/pico-sdk/lib/tinyusb/src/portable/raspberrypi/rp2040/dcd_rp2040.c.obj
 *fill*         0x10008289        0x3 
 .rodata.str1.4
                0x1000828c       0x14 CMakeFiles/test.dir/D_/SDKs/pico/pico-sdk/lib/tinyusb/src/portable/raspberrypi/rp2040/dcd_rp2040.c.obj
 .rodata.dcd_int_enable.str1.4
                0x100082a0        0xc CMakeFiles/test.dir/D_/SDKs/pico/pico-sdk/lib/tinyusb/src/portable/raspberrypi/rp2040/dcd_rp2040.c.obj
 .rodata.__func__.0
                0x100082ac        0xe CMakeFiles/test.dir/D_/SDKs/pico/pico-sdk/lib/tinyusb/src/portable/raspberrypi/rp2040/dcd_rp2040.c.obj
 *fill*         0x100082ba        0x2 
 .rodata.__func__.1
                0x100082bc        0xe CMakeFiles/test.dir/D_/SDKs/pico/pico-sdk/lib/tinyusb/src/portable/raspberrypi/rp2040/dcd_rp2040.c.obj
 *fill*         0x100082ca        0x2 
 .rodata.__func__.3
                0x100082cc       0x10 CMakeFiles/test.dir/D_/SDKs/pico/pico-sdk/lib/tinyusb/src/portable/raspberrypi/rp2040/dcd_rp2040.c.obj
 .rodata.__func__.5
                0x100082dc        0xf CMakeFiles/test.dir/D_/SDKs/pico/pico-sdk/lib/tinyusb/src/portable/raspberrypi/rp2040/dcd_rp2040.c.obj
 *fill*         0x100082eb        0x1 
 .rodata.__func__.6
                0x100082ec       0x13 CMakeFiles/test.dir/D_/SDKs/pico/pico-sdk/lib/tinyusb/src/portable/raspberrypi/rp2040/dcd_rp2040.c.obj
 *fill*         0x100082ff        0x1 
 .rodata.__func__.7
                0x10008300        0x9 CMakeFiles/test.dir/D_/SDKs/pico/pico-sdk/lib/tinyusb/src/portable/raspberrypi/rp2040/dcd_rp2040.c.obj
 *fill*         0x10008309        0x3 
 .rodata.str1.4
                0x1000830c       0xd9 CMakeFiles/test.dir/D_/SDKs/pico/pico-sdk/lib/tinyusb/src/portable/raspberrypi/rp2040/rp2040_usb.c.obj
                                 0xe3 (size before relaxing)
 *fill*         0x100083e5        0x3 
 .rodata.__func__.0
                0x100083e8        0xf CMakeFiles/test.dir/D_/SDKs/pico/pico-sdk/lib/tinyusb/src/portable/raspberrypi/rp2040/rp2040_usb.c.obj
 *fill*         0x100083f7        0x1 
 .rodata.process_get_descriptor
                0x100083f8       0x40 CMakeFiles/test.dir/D_/SDKs/pico/pico-sdk/lib/tinyusb/src/device/usbd.c.obj
 .rodata.process_control_request
                0x10008438       0x28 CMakeFiles/test.dir/D_/SDKs/pico/pico-sdk/lib/tinyusb/src/device/usbd.c.obj
 .rodata.tud_task_ext
                0x10008460       0x24 CMakeFiles/test.dir/D_/SDKs/pico/pico-sdk/lib/tinyusb/src/device/usbd.c.obj
 .rodata._usbd_driver
                0x10008484       0x18 CMakeFiles/test.dir/D_/SDKs/pico/pico-sdk/lib/tinyusb/src/device/usbd.c.obj
                0x1000849c                        . = ALIGN (0x4)
 *(SORT_BY_ALIGNMENT(SORT_BY_NAME(.flashdata*)))
                0x1000849c                        . = ALIGN (0x4)

.rel.dyn        0x1000849c        0x0
 .rel.iplt      0x1000849c        0x0 d:/sdks/12.2 mpacbti-rel1/bin/../lib/gcc/arm-none-eabi/12.2.1/thumb/v6-m/nofp/crtbegin.o

.ARM.extab
 *(.ARM.extab* .gnu.linkonce.armextab.*)
                0x1000849c                        __exidx_start = .

.ARM.exidx
 *(.ARM.exidx* .gnu.linkonce.armexidx.*)
                0x1000849c                        __exidx_end = .
                0x1000849c                        . = ALIGN (0x4)
                0x1000849c                        __binary_info_start = .

.binary_info    0x1000849c       0x30
 *(.binary_info.keep.*)
 .binary_info.keep.__bi_ptr9
                0x1000849c        0x4 CMakeFiles/test.dir/test.c.obj
 .binary_info.keep.__bi_ptr8
                0x100084a0        0x4 CMakeFiles/test.dir/test.c.obj
 .binary_info.keep.__bi_ptr81
                0x100084a4        0x4 CMakeFiles/test.dir/D_/SDKs/pico/pico-sdk/src/rp2_common/pico_standard_link/binary_info.c.obj
 .binary_info.keep.__bi_ptr75
                0x100084a8        0x4 CMakeFiles/test.dir/D_/SDKs/pico/pico-sdk/src/rp2_common/pico_standard_link/binary_info.c.obj
 .binary_info.keep.__bi_ptr50
                0x100084ac        0x4 CMakeFiles/test.dir/D_/SDKs/pico/pico-sdk/src/rp2_common/pico_standard_link/binary_info.c.obj
 .binary_info.keep.__bi_ptr44
                0x100084b0        0x4 CMakeFiles/test.dir/D_/SDKs/pico/pico-sdk/src/rp2_common/pico_standard_link/binary_info.c.obj
 .binary_info.keep.__bi_ptr38
                0x100084b4        0x4 CMakeFiles/test.dir/D_/SDKs/pico/pico-sdk/src/rp2_common/pico_standard_link/binary_info.c.obj
 .binary_info.keep.__bi_ptr30
                0x100084b8        0x4 CMakeFiles/test.dir/D_/SDKs/pico/pico-sdk/src/rp2_common/pico_standard_link/binary_info.c.obj
 .binary_info.keep.__bi_ptr22
                0x100084bc        0x4 CMakeFiles/test.dir/D_/SDKs/pico/pico-sdk/src/rp2_common/pico_standard_link/binary_info.c.obj
 *(.binary_info.*)
 .binary_info.__bi_ptr34
                0x100084c0        0x4 CMakeFiles/test.dir/D_/SDKs/pico/pico-sdk/src/rp2_common/pico_stdio_uart/stdio_uart.c.obj
 .binary_info.__bi_ptr33
                0x100084c4        0x4 CMakeFiles/test.dir/D_/SDKs/pico/pico-sdk/src/rp2_common/pico_stdio_uart/stdio_uart.c.obj
 .binary_info.__bi_ptr188
                0x100084c8        0x4 CMakeFiles/test.dir/D_/SDKs/pico/pico-sdk/src/rp2_common/pico_stdio_usb/stdio_usb.c.obj
                0x100084cc                        __binary_info_end = .
                0x100084cc                        . = ALIGN (0x4)
                0x100084cc                        __etext = .

.ram_vector_table
                0x20000000       0xc0
 *(.ram_vector_table)
 .ram_vector_table
                0x20000000       0xc0 CMakeFiles/test.dir/D_/SDKs/pico/pico-sdk/src/rp2_common/pico_runtime/runtime.c.obj
                0x20000000                ram_vector_table

.data           0x200000c0      0xb78 load address 0x100084cc
                0x200000c0                        __data_start__ = .
 *(vtable)
 *(.time_critical*)
 .time_critical.mutex_try_enter
                0x200000c0       0x46 CMakeFiles/test.dir/D_/SDKs/pico/pico-sdk/src/common/pico_sync/mutex.c.obj
                0x200000c0                mutex_try_enter
 *fill*         0x20000106        0x2 
 .time_critical.mutex_enter_block_until
                0x20000108       0x8c CMakeFiles/test.dir/D_/SDKs/pico/pico-sdk/src/common/pico_sync/mutex.c.obj
                0x20000108                mutex_enter_block_until
 .time_critical.mutex_try_enter_block_until
                0x20000194       0x34 CMakeFiles/test.dir/D_/SDKs/pico/pico-sdk/src/common/pico_sync/mutex.c.obj
                0x20000194                mutex_try_enter_block_until
 .time_critical.mutex_enter_timeout_ms
                0x200001c8       0x1a CMakeFiles/test.dir/D_/SDKs/pico/pico-sdk/src/common/pico_sync/mutex.c.obj
                0x200001c8                mutex_enter_timeout_ms
 *fill*         0x200001e2        0x2 
 .time_critical.mutex_exit
                0x200001e4       0x4c CMakeFiles/test.dir/D_/SDKs/pico/pico-sdk/src/common/pico_sync/mutex.c.obj
                0x200001e4                mutex_exit
 .time_critical.flash_init_boot2_copyout
                0x20000230       0x30 CMakeFiles/test.dir/D_/SDKs/pico/pico-sdk/src/rp2_common/hardware_flash/flash.c.obj
 .time_critical.flash_enable_xip_via_boot2
                0x20000260        0xc CMakeFiles/test.dir/D_/SDKs/pico/pico-sdk/src/rp2_common/hardware_flash/flash.c.obj
 .time_critical.flash_cs_force
                0x2000026c       0x28 CMakeFiles/test.dir/D_/SDKs/pico/pico-sdk/src/rp2_common/hardware_flash/flash.c.obj
 .time_critical.flash_do_cmd
                0x20000294       0xd8 CMakeFiles/test.dir/D_/SDKs/pico/pico-sdk/src/rp2_common/hardware_flash/flash.c.obj
                0x20000294                flash_do_cmd
 .time_critical.reset_non_control_endpoints
                0x2000036c       0x40 CMakeFiles/test.dir/D_/SDKs/pico/pico-sdk/lib/tinyusb/src/portable/raspberrypi/rp2040/dcd_rp2040.c.obj
 .time_critical.hw_handle_buff_status
                0x200003ac       0xa4 CMakeFiles/test.dir/D_/SDKs/pico/pico-sdk/lib/tinyusb/src/portable/raspberrypi/rp2040/dcd_rp2040.c.obj
 .time_critical.dcd_rp2040_irq
                0x20000450      0x1b8 CMakeFiles/test.dir/D_/SDKs/pico/pico-sdk/lib/tinyusb/src/portable/raspberrypi/rp2040/dcd_rp2040.c.obj
 .time_critical.e15_is_bulkin_ep
                0x20000608       0x2c CMakeFiles/test.dir/D_/SDKs/pico/pico-sdk/lib/tinyusb/src/portable/raspberrypi/rp2040/rp2040_usb.c.obj
 .time_critical.e15_is_critical_frame_period
                0x20000634       0x30 CMakeFiles/test.dir/D_/SDKs/pico/pico-sdk/lib/tinyusb/src/portable/raspberrypi/rp2040/rp2040_usb.c.obj
 .time_critical.prepare_ep_buffer
                0x20000664       0x6c CMakeFiles/test.dir/D_/SDKs/pico/pico-sdk/lib/tinyusb/src/portable/raspberrypi/rp2040/rp2040_usb.c.obj
 .time_critical.sync_ep_buffer
                0x200006d0       0x7c CMakeFiles/test.dir/D_/SDKs/pico/pico-sdk/lib/tinyusb/src/portable/raspberrypi/rp2040/rp2040_usb.c.obj
 .time_critical._hw_endpoint_xfer_sync
                0x2000074c       0x28 CMakeFiles/test.dir/D_/SDKs/pico/pico-sdk/lib/tinyusb/src/portable/raspberrypi/rp2040/rp2040_usb.c.obj
 .time_critical.hw_endpoint_reset_transfer
                0x20000774        0xc CMakeFiles/test.dir/D_/SDKs/pico/pico-sdk/lib/tinyusb/src/portable/raspberrypi/rp2040/rp2040_usb.c.obj
                0x20000774                hw_endpoint_reset_transfer
 .time_critical._hw_endpoint_buffer_control_update32
                0x20000780       0x58 CMakeFiles/test.dir/D_/SDKs/pico/pico-sdk/lib/tinyusb/src/portable/raspberrypi/rp2040/rp2040_usb.c.obj
                0x20000780                _hw_endpoint_buffer_control_update32
 .time_critical.hw_endpoint_start_next_buffer
                0x200007d8       0x7c CMakeFiles/test.dir/D_/SDKs/pico/pico-sdk/lib/tinyusb/src/portable/raspberrypi/rp2040/rp2040_usb.c.obj
                0x200007d8                hw_endpoint_start_next_buffer
 .time_critical.hw_endpoint_xfer_continue
                0x20000854       0x50 CMakeFiles/test.dir/D_/SDKs/pico/pico-sdk/lib/tinyusb/src/portable/raspberrypi/rp2040/rp2040_usb.c.obj
                0x20000854                hw_endpoint_xfer_continue
 .time_critical.tinyusb
                0x200008a4      0x1e8 CMakeFiles/test.dir/D_/SDKs/pico/pico-sdk/lib/tinyusb/src/device/usbd.c.obj
                0x200008a4                dcd_event_handler
 *(.text*)
 .text          0x20000a8c        0x4 d:/sdks/12.2 mpacbti-rel1/bin/../lib/gcc/arm-none-eabi/12.2.1/thumb/v6-m/nofp\libgcc.a(_dvmd_tls.o)
                0x20000a8c                __aeabi_idiv0
                0x20000a8c                __aeabi_ldiv0
 .text.__stub   0x20000a90       0x90 linker stubs
                0x20000b20                        . = ALIGN (0x4)
 *(.rodata*)
                0x20000b20                        . = ALIGN (0x4)
 *(.data*)
 .data.striped_spin_lock_num
                0x20000b20        0x1 CMakeFiles/test.dir/D_/SDKs/pico/pico-sdk/src/rp2_common/hardware_sync/sync.c.obj
 *fill*         0x20000b21        0x3 
 .data          0x20000b24       0x48 CMakeFiles/test.dir/D_/SDKs/pico/pico-sdk/src/rp2_common/hardware_irq/irq_handler_chain.S.obj
                0x20000b24                irq_handler_chain_slots
                0x20000b54                irq_handler_chain_first_slot
                0x20000b5e                irq_handler_chain_remove_tail
 .data.default_alarm_pool
                0x20000b6c       0x18 CMakeFiles/test.dir/D_/SDKs/pico/pico-sdk/src/common/pico_time/time.c.obj
 .data.default_alarm_pool_heap
                0x20000b84       0x10 CMakeFiles/test.dir/D_/SDKs/pico/pico-sdk/src/common/pico_time/time.c.obj
 *fill*         0x20000b94        0xc 
 .data.aeabi_bits_funcs
                0x20000ba0       0x10 CMakeFiles/test.dir/D_/SDKs/pico/pico-sdk/src/rp2_common/pico_bit_ops/bit_ops_aeabi.S.obj
                0x20000ba0                aeabi_bits_funcs
                0x20000bb0                aeabi_bits_funcs_end
 .data.aeabi_mem_funcs
                0x20000bb0       0x10 CMakeFiles/test.dir/D_/SDKs/pico/pico-sdk/src/rp2_common/pico_mem_ops/mem_ops_aeabi.S.obj
                0x20000bb0                aeabi_mem_funcs
                0x20000bc0                aeabi_mem_funcs_end
 .data.stdio_uart
                0x20000bc0       0x18 CMakeFiles/test.dir/D_/SDKs/pico/pico-sdk/src/rp2_common/pico_stdio_uart/stdio_uart.c.obj
                0x20000bc0                stdio_uart
 .data.stdio_usb
                0x20000bd8       0x18 CMakeFiles/test.dir/D_/SDKs/pico/pico-sdk/src/rp2_common/pico_stdio_usb/stdio_usb.c.obj
                0x20000bd8                stdio_usb
 .data.ep_dir_string
                0x20000bf0        0x8 CMakeFiles/test.dir/D_/SDKs/pico/pico-sdk/lib/tinyusb/src/portable/raspberrypi/rp2040/rp2040_usb.c.obj
                0x20000bf0                ep_dir_string
 .data._usbd_qdef
                0x20000bf8       0x1c CMakeFiles/test.dir/D_/SDKs/pico/pico-sdk/lib/tinyusb/src/device/usbd.c.obj
                0x20000bf8                _usbd_qdef
 .data._usbd_rhport
                0x20000c14        0x1 CMakeFiles/test.dir/D_/SDKs/pico/pico-sdk/lib/tinyusb/src/device/usbd.c.obj
                0x20000c18                        . = ALIGN (0x4)
 *fill*         0x20000c15        0x3 
 *(.after_data.*)
                0x20000c18                        . = ALIGN (0x4)
                0x20000c18                        PROVIDE (__mutex_array_start = .)
 *(SORT_BY_NAME(.mutex_array.*))
 *(.mutex_array)
 .mutex_array   0x20000c18        0x8 CMakeFiles/test.dir/D_/SDKs/pico/pico-sdk/src/rp2_common/pico_stdio/stdio.c.obj
                0x20000c20                        PROVIDE (__mutex_array_end = .)
                0x20000c20                        . = ALIGN (0x4)
                0x20000c20                        PROVIDE (__preinit_array_start = .)
 *(SORT_BY_NAME(.preinit_array.*))
 .preinit_array.00001
                0x20000c20        0x4 CMakeFiles/test.dir/D_/SDKs/pico/pico-sdk/src/rp2_common/pico_mem_ops/mem_ops_aeabi.S.obj
 .preinit_array.00010
                0x20000c24        0x4 CMakeFiles/test.dir/D_/SDKs/pico/pico-sdk/src/rp2_common/pico_bit_ops/bit_ops_aeabi.S.obj
 .preinit_array.00020
                0x20000c28        0x4 CMakeFiles/test.dir/D_/SDKs/pico/pico-sdk/src/rp2_common/pico_double/double_aeabi.S.obj
 .preinit_array.00020
                0x20000c2c        0x4 CMakeFiles/test.dir/D_/SDKs/pico/pico-sdk/src/rp2_common/pico_float/float_aeabi.S.obj
 *(.preinit_array)
                0x20000c30                        PROVIDE (__preinit_array_end = .)
                0x20000c30                        . = ALIGN (0x4)
                0x20000c30                        PROVIDE (__init_array_start = .)
 *(SORT_BY_NAME(.init_array.*))
 *(.init_array)
 .init_array    0x20000c30        0x4 d:/sdks/12.2 mpacbti-rel1/bin/../lib/gcc/arm-none-eabi/12.2.1/thumb/v6-m/nofp/crtbegin.o
 .init_array    0x20000c34        0x4 CMakeFiles/test.dir/D_/SDKs/pico/pico-sdk/src/rp2_common/pico_unique_id/unique_id.c.obj
                0x20000c38                        PROVIDE (__init_array_end = .)
                0x20000c38                        . = ALIGN (0x4)
                [!provide]                        PROVIDE (__fini_array_start = .)
 *(SORT_BY_NAME(.fini_array.*))
 *(.fini_array)
                [!provide]                        PROVIDE (__fini_array_end = .)
 *(.jcr)
                0x20000c38                        . = ALIGN (0x4)
                0x20000c38                        __data_end__ = .

.tm_clone_table
                0x20000c38        0x0 load address 0x10009044
 .tm_clone_table
                0x20000c38        0x0 d:/sdks/12.2 mpacbti-rel1/bin/../lib/gcc/arm-none-eabi/12.2.1/thumb/v6-m/nofp/crtbegin.o
 .tm_clone_table
                0x20000c38        0x0 d:/sdks/12.2 mpacbti-rel1/bin/../lib/gcc/arm-none-eabi/12.2.1/thumb/v6-m/nofp/crtend.o

.igot.plt       0x20000c38        0x0 load address 0x10009044
 .igot.plt      0x20000c38        0x0 d:/sdks/12.2 mpacbti-rel1/bin/../lib/gcc/arm-none-eabi/12.2.1/thumb/v6-m/nofp/crtbegin.o

.uninitialized_data
                0x20000c38        0x0 load address 0x10009044
                0x20000c38                        . = ALIGN (0x4)
 *(.uninitialized_data*)

.scratch_x      0x20040000        0x0 load address 0x10009044
                0x20040000                        __scratch_x_start__ = .
 *(.scratch_x.*)
                0x20040000                        . = ALIGN (0x4)
                0x20040000                        __scratch_x_end__ = .
                0x10009044                        __scratch_x_source__ = LOADADDR (.scratch_x)

.scratch_y      0x20041000        0x0 load address 0x10009044
                0x20041000                        __scratch_y_start__ = .
 *(.scratch_y.*)
                0x20041000                        . = ALIGN (0x4)
                0x20041000                        __scratch_y_end__ = .
                0x10009044                        __scratch_y_source__ = LOADADDR (.scratch_y)

.bss            0x20000c38      0xd90
                0x20000c38                        . = ALIGN (0x4)
                0x20000c38                        __bss_start__ = .
 *(SORT_BY_ALIGNMENT(SORT_BY_NAME(.bss*)))
 .bss.default_alarm_pool_entries
                0x20000c38      0x100 CMakeFiles/test.dir/D_/SDKs/pico/pico-sdk/src/common/pico_time/time.c.obj
 .bss.last_avail_time.2